Component: ARM Compiler 5.06 update 7 (build 960) Tool: armlink [4d3601]

==============================================================================

Section Cross References

    startup_stm32g030xx.o(STACK) refers (Special) to heapauxi.o(.text) for __use_two_region_memory
    startup_stm32g030xx.o(HEAP) refers (Special) to heapauxi.o(.text) for __use_two_region_memory
    startup_stm32g030xx.o(RESET) refers (Special) to heapauxi.o(.text) for __use_two_region_memory
    startup_stm32g030xx.o(RESET) refers to startup_stm32g030xx.o(STACK) for __initial_sp
    startup_stm32g030xx.o(RESET) refers to startup_stm32g030xx.o(.text) for Reset_Handler
    startup_stm32g030xx.o(RESET) refers to stm32g0xx_it.o(i.NMI_Handler) for NMI_Handler
    startup_stm32g030xx.o(RESET) refers to stm32g0xx_it.o(i.HardFault_Handler) for HardFault_Handler
    startup_stm32g030xx.o(RESET) refers to stm32g0xx_it.o(i.SVC_Handler) for SVC_Handler
    startup_stm32g030xx.o(RESET) refers to stm32g0xx_it.o(i.PendSV_Handler) for PendSV_Handler
    startup_stm32g030xx.o(RESET) refers to stm32g0xx_it.o(i.SysTick_Handler) for SysTick_Handler
    startup_stm32g030xx.o(RESET) refers to stm32g0xx_it.o(i.TIM14_IRQHandler) for TIM14_IRQHandler
    startup_stm32g030xx.o(.text) refers (Special) to heapauxi.o(.text) for __use_two_region_memory
    startup_stm32g030xx.o(.text) refers to system_stm32g0xx.o(i.SystemInit) for SystemInit
    startup_stm32g030xx.o(.text) refers to __main.o(!!!main) for __main
    startup_stm32g030xx.o(.text) refers to startup_stm32g030xx.o(HEAP) for Heap_Mem
    startup_stm32g030xx.o(.text) refers to startup_stm32g030xx.o(STACK) for Stack_Mem
    lcd.o(i.Gui_DrawFont_1616) refers to lcd.o(i.Lcd_SetRegion) for Lcd_SetRegion
    lcd.o(i.Gui_DrawFont_1616) refers to lcd.o(i.LCD_WriteData_16Bit) for LCD_WriteData_16Bit
    lcd.o(i.Gui_DrawFont_GBK16) refers to lcd.o(i.Gui_DrawPoint) for Gui_DrawPoint
    lcd.o(i.Gui_DrawFont_GBK16) refers to strlen.o(.text) for strlen
    lcd.o(i.Gui_DrawFont_GBK16) refers to lcd.o(.constdata) for .constdata
    lcd.o(i.Gui_DrawPoint) refers to lcd.o(i.Lcd_SetRegion) for Lcd_SetRegion
    lcd.o(i.Gui_DrawPoint) refers to lcd.o(i.LCD_WriteData_16Bit) for LCD_WriteData_16Bit
    lcd.o(i.LCD_WriteData_16Bit) refers to lcd.o(i.SPI_WriteData) for SPI_WriteData
    lcd.o(i.Lcd_Clear) refers to lcd.o(i.Lcd_SetRegion) for Lcd_SetRegion
    lcd.o(i.Lcd_Clear) refers to lcd.o(i.Lcd_WriteIndex) for Lcd_WriteIndex
    lcd.o(i.Lcd_Clear) refers to lcd.o(i.LCD_WriteData_16Bit) for LCD_WriteData_16Bit
    lcd.o(i.Lcd_Init) refers to stm32g0xx_hal.o(i.HAL_Delay) for HAL_Delay
    lcd.o(i.Lcd_Init) refers to stm32g0xx_hal_gpio.o(i.HAL_GPIO_WritePin) for HAL_GPIO_WritePin
    lcd.o(i.Lcd_Init) refers to lcd.o(i.Lcd_WriteIndex) for Lcd_WriteIndex
    lcd.o(i.Lcd_Init) refers to lcd.o(i.Lcd_WriteData) for Lcd_WriteData
    lcd.o(i.Lcd_SetRegion) refers to lcd.o(i.Lcd_WriteIndex) for Lcd_WriteIndex
    lcd.o(i.Lcd_SetRegion) refers to lcd.o(i.Lcd_WriteData) for Lcd_WriteData
    lcd.o(i.Lcd_SetXY) refers to lcd.o(i.Lcd_SetRegion) for Lcd_SetRegion
    lcd.o(i.Lcd_WriteData) refers to lcd.o(i.SPI_WriteData) for SPI_WriteData
    lcd.o(i.Lcd_WriteIndex) refers to lcd.o(i.SPI_WriteData) for SPI_WriteData
    lcd.o(i.Lcd_WriteReg) refers to lcd.o(i.Lcd_WriteIndex) for Lcd_WriteIndex
    lcd.o(i.Lcd_WriteReg) refers to lcd.o(i.Lcd_WriteData) for Lcd_WriteData
    lcd.o(i.showimage) refers to lcd.o(i.Lcd_SetRegion) for Lcd_SetRegion
    lcd.o(i.showimage) refers to lcd.o(i.LCD_WriteData_16Bit) for LCD_WriteData_16Bit
    lcd.o(i.showimage_farsight) refers to lcd.o(i.Lcd_SetRegion) for Lcd_SetRegion
    lcd.o(i.showimage_farsight) refers to lcd.o(i.LCD_WriteData_16Bit) for LCD_WriteData_16Bit
    main.o(i.Config_Is_Valid) refers to main.o(i.Config_Calc_Checksum) for Config_Calc_Checksum
    main.o(i.Config_Reset_Defaults) refers to main.o(.data) for .data
    main.o(i.Config_Save) refers to main.o(i.Config_Calc_Checksum) for Config_Calc_Checksum
    main.o(i.Config_Save) refers to rt_memcpy.o(.emb_text) for __aeabi_memcpy4
    main.o(i.Config_Save) refers to stm32g0xx_hal_flash.o(i.HAL_FLASH_Unlock) for HAL_FLASH_Unlock
    main.o(i.Config_Save) refers to stm32g0xx_hal_flash_ex.o(i.HAL_FLASHEx_Erase) for HAL_FLASHEx_Erase
    main.o(i.Config_Save) refers to stm32g0xx_hal_flash.o(i.HAL_FLASH_Program) for HAL_FLASH_Program
    main.o(i.Config_Save) refers to stm32g0xx_hal_flash.o(i.HAL_FLASH_Lock) for HAL_FLASH_Lock
    main.o(i.Config_Save) refers to main.o(i.Config_Is_Valid) for Config_Is_Valid
    main.o(i.Config_Save) refers to main.o(.data) for .data
    main.o(i.Get_Key_By_UART) refers to stm32g0xx_hal_uart.o(i.HAL_UART_Receive) for HAL_UART_Receive
    main.o(i.Get_Key_By_UART) refers to usart.o(.bss) for huart1
    main.o(i.HAL_TIM_PeriodElapsedCallback) refers to main.o(i.Soft_PWM_Update) for Soft_PWM_Update
    main.o(i.Key_To_String) refers to main.o(i.__ARM_common_switch8) for __ARM_common_switch8
[...]
    ../clib/angel/sys.s                      0x00000000   Number         0  use_no_semi.o ABSOLUTE
    ../clib/angel/sys.s                      0x00000000   Number         0  indicate_semi.o ABSOLUTE
    ../clib/angel/sys.s                      0x00000000   Number         0  sys_stackheap_outer.o ABSOLUTE
    ../clib/angel/sys.s                      0x00000000   Number         0  tempstk.o ABSOLUTE
    ../clib/angel/sys.s                      0x00000000   Number         0  libspace.o ABSOLUTE
    ../clib/angel/sysapp.c                   0x00000000   Number         0  sys_command.o ABSOLUTE
    ../clib/angel/sysapp.c                   0x00000000   Number         0  sys_wrch.o ABSOLUTE
    ../clib/angel/sysapp.c                   0x00000000   Number         0  sys_exit.o ABSOLUTE
    ../clib/armsys.c                         0x00000000   Number         0  _get_argv_nomalloc.o ABSOLUTE
    ../clib/armsys.c                         0x00000000   Number         0  argv_veneer.o ABSOLUTE
    ../clib/armsys.c                         0x00000000   Number         0  no_argv.o ABSOLUTE
    ../clib/division.c                       0x00000000   Number         0  rtudiv10.o ABSOLUTE
    ../clib/division.s                       0x00000000   Number         0  aeabi_sdiv_div0.o ABSOLUTE
    ../clib/division.s                       0x00000000   Number         0  aeabi_sdiv.o ABSOLUTE
    ../clib/heapalloc.c                      0x00000000   Number         0  hrguard.o ABSOLUTE
    ../clib/heapaux.c                        0x00000000   Number         0  heapauxi.o ABSOLUTE
    ../clib/libinit.s                        0x00000000   Number         0  libinit2.o ABSOLUTE
    ../clib/libinit.s                        0x00000000   Number         0  libshutdown.o ABSOLUTE
    ../clib/libinit.s                        0x00000000   Number         0  libshutdown2.o ABSOLUTE
    ../clib/libinit.s                        0x00000000   Number         0  libinit.o ABSOLUTE
    ../clib/memcpset.c                       0x00000000   Number         0  rt_memcpy.o ABSOLUTE
    ../clib/memcpset.c                       0x00000000   Number         0  rt_memcpy.o ABSOLUTE
    ../clib/memcpset.c                       0x00000000   Number         0  aeabi_memset.o ABSOLUTE
    ../clib/memcpset.c                       0x00000000   Number         0  rt_memclr.o ABSOLUTE
    ../clib/misc.s                           0x00000000   Number         0  printf_stubs.o ABSOLUTE
    ../clib/printf.c                         0x00000000   Number         0  __2sprintf.o ABSOLUTE
    ../clib/printf.c                         0x00000000   Number         0  _printf_char_common.o ABSOLUTE
    ../clib/printf.c                         0x00000000   Number         0  _printf_intcommon.o ABSOLUTE
    ../clib/printf.c                         0x00000000   Number         0  __printf_nopercent.o ABSOLUTE
    ../clib/printf.c                         0x00000000   Number         0  __printf_ss.o ABSOLUTE
    ../clib/printf.c                         0x00000000   Number         0  __printf_flags_ss_wp.o ABSOLUTE
    ../clib/printf.c                         0x00000000   Number         0  __printf_ss_wp.o ABSOLUTE
    ../clib/printf.c                         0x00000000   Number         0  __printf_flags_wp.o ABSOLUTE
    ../clib/printf.c                         0x00000000   Number         0  __printf_wp.o ABSOLUTE
    ../clib/printf.c                         0x00000000   Number         0  __printf_flags_ss.o ABSOLUTE
    ../clib/printf.c                         0x00000000   Number         0  __printf_flags.o ABSOLUTE
    ../clib/printf.c                         0x00000000   Number         0  _printf_dec.o ABSOLUTE
    ../clib/printf.c                         0x00000000   Number         0  _printf_str.o ABSOLUTE
    ../clib/printf.c                         0x00000000   Number         0  __printf.o ABSOLUTE
    ../clib/printf.c                         0x00000000   Number         0  _printf_char.o ABSOLUTE
    ../clib/printf.c                         0x00000000   Number         0  noretval__2sprintf.o ABSOLUTE
    ../clib/printf.c                         0x00000000   Number         0  _sputc.o ABSOLUTE
    ../clib/printf_percent.s                 0x00000000   Number         0  _printf_percent_end.o ABSOLUTE
    ../clib/printf_percent.s                 0x00000000   Number         0  _printf_d.o ABSOLUTE
    ../clib/printf_percent.s                 0x00000000   Number         0  _printf_s.o ABSOLUTE
    ../clib/printf_percent.s                 0x00000000   Number         0  _printf_percent.o ABSOLUTE
    ../clib/printf_percent.s                 0x00000000   Number         0  _printf_u.o ABSOLUTE
    ../clib/signal.c                         0x00000000   Number         0  defsig_rtred_inner.o ABSOLUTE
    ../clib/signal.c                         0x00000000   Number         0  defsig_abrt_inner.o ABSOLUTE
    ../clib/signal.c                         0x00000000   Number         0  defsig_rtmem_outer.o ABSOLUTE
    ../clib/signal.c                         0x00000000   Number         0  defsig_stak_inner.o ABSOLUTE
    ../clib/signal.c                         0x00000000   Number         0  defsig_rtmem_inner.o ABSOLUTE
    ../clib/signal.c                         0x00000000   Number         0  defsig_general.o ABSOLUTE
    ../clib/signal.c                         0x00000000   Number         0  defsig_pvfn_inner.o ABSOLUTE
    ../clib/signal.c                         0x00000000   Number         0  defsig_cppl_inner.o ABSOLUTE
    ../clib/signal.c                         0x00000000   Number         0  __raise.o ABSOLUTE
    ../clib/signal.c                         0x00000000   Number         0  defsig_other.o ABSOLUTE
    ../clib/signal.c                         0x00000000   Number         0  defsig_fpe_inner.o ABSOLUTE
    ../clib/signal.c                         0x00000000   Number         0  defsig_exit.o ABSOLUTE
    ../clib/signal.c                         0x00000000   Number         0  defsig_segv_inner.o ABSOLUTE
    ../clib/signal.c                         0x00000000   Number         0  defsig_rtmem_formal.o ABSOLUTE
    ../clib/signal.c                         0x00000000   Number         0  defsig_fpe_outer.o ABSOLUTE
    ../clib/signal.c                         0x00000000   Number         0  defsig_fpe_formal.o ABSOLUTE
    ../clib/signal.s                         0x00000000   Number         0  defsig.o ABSOLUTE
    ../clib/stdlib.c                         0x00000000   Number         0  exit.o ABSOLUTE
    ../clib/string.c                         0x00000000   Number         0  strlen.o ABSOLUTE
    ../fplib/cfplib/fpinit.c                 0x00000000   Number         0  fpinit.o ABSOLUTE
    ..\Core\Src\adc.c                        0x00000000   Number         0  adc.o ABSOLUTE
    ..\Core\Src\gpio.c                       0x00000000   Number         0  gpio.o ABSOLUTE
    ..\Core\Src\main.c                       0x00000000   Number         0  main.o ABSOLUTE
    ..\Core\Src\stm32g0xx_hal_msp.c          0x00000000   Number         0  stm32g0xx_hal_msp.o ABSOLUTE
    ..\Core\Src\stm32g0xx_it.c               0x00000000   Number         0  stm32g0xx_it.o ABSOLUTE
    ..\Core\Src\system_stm32g0xx.c           0x00000000   Number         0  system_stm32g0xx.o ABSOLUTE
    ..\Core\Src\tim.c                        0x00000000   Number         0  tim.o ABSOLUTE
    ..\Core\Src\usart.c                      0x00000000   Number         0  usart.o ABSOLUTE
    ..\Drivers\STM32G0xx_HAL_Driver\Src\stm32g0xx_hal.c 0x00000000   Number         0  stm32g0xx_hal.o ABSOLUTE
    ..\Drivers\STM32G0xx_HAL_Driver\Src\stm32g0xx_hal_adc.c 0x00000000   Number         0  stm32g0xx_hal_adc.o ABSOLUTE
    ..\Drivers\STM32G0xx_HAL_Driver\Src\stm32g0xx_hal_adc_ex.c 0x00000000   Number         0  stm32g0xx_hal_adc_ex.o ABSOLUTE
    ..\Drivers\STM32G0xx_HAL_Driver\Src\stm32g0xx_hal_cortex.c 0x00000000   Number         0  stm32g0xx_hal_cortex.o ABSOLUTE
    ..\Drivers\STM32G0xx_HAL_Driver\Src\stm32g0xx_hal_dma.c 0x00000000   Number         0  stm32g0xx_hal_dma.o ABSOLUTE
    ..\Drivers\STM32G0xx_HAL_Driver\Src\stm32g0xx_hal_dma_ex.c 0x00000000   Number         0  stm32g0xx_hal_dma_ex.o ABSOLUTE
    ..\Drivers\STM32G0xx_HAL_Driver\Src\stm32g0xx_hal_exti.c 0x00000000   Number         0  stm32g0xx_hal_exti.o ABSOLUTE
    ..\Drivers\STM32G0xx_HAL_Driver\Src\stm32g0xx_hal_flash.c 0x00000000   Number         0  stm32g0xx_hal_flash.o ABSOLUTE
    ..\Drivers\STM32G0xx_HAL_Driver\Src\stm32g0xx_hal_flash_ex.c 0x00000000   Number         0  stm32g0xx_hal_flash_ex.o ABSOLUTE
    ..\Drivers\STM32G0xx_HAL_Driver\Src\stm32g0xx_hal_gpio.c 0x00000000   Number         0  stm32g0xx_hal_gpio.o ABSOLUTE
    ..\Drivers\STM32G0xx_HAL_Driver\Src\stm32g0xx_hal_pwr.c 0x00000000   Number         0  stm32g0xx_hal_pwr.o ABSOLUTE
    ..\Drivers\STM32G0xx_HAL_Driver\Src\stm32g0xx_hal_pwr_ex.c 0x00000000   Number         0  stm32g0xx_hal_pwr_ex.o ABSOLUTE
    ..\Drivers\STM32G0xx_HAL_Driver\Src\stm32g0xx_hal_rcc.c 0x00000000   Number         0  stm32g0xx_hal_rcc.o ABSOLUTE
    ..\Drivers\STM32G0xx_HAL_Driver\Src\stm32g0xx_hal_rcc_ex.c 0x00000000   Number         0  stm32g0xx_hal_rcc_ex.o ABSOLUTE
    ..\Drivers\STM32G0xx_HAL_Driver\Src\stm32g0xx_hal_tim.c 0x00000000   Number         0  stm32g0xx_hal_tim.o ABSOLUTE
    ..\Drivers\STM32G0xx_HAL_Driver\Src\stm32g0xx_hal_tim_ex.c 0x00000000   Number         0  stm32g0xx_hal_tim_ex.o ABSOLUTE
    ..\Drivers\STM32G0xx_HAL_Driver\Src\stm32g0xx_hal_uart.c 0x00000000   Number         0  stm32g0xx_hal_uart.o ABSOLUTE
    ..\Drivers\STM32G0xx_HAL_Driver\Src\stm32g0xx_hal_uart_ex.c 0x00000000   Number         0  stm32g0xx_hal_uart_ex.o ABSOLUTE
    ..\LCD\lcd.c                             0x00000000   Number         0  lcd.o ABSOLUTE
    dc.s                                     0x00000000   Number         0  dc.o ABSOLUTE
    startup_stm32g030xx.s                    0x00000000   Number         0  startup_stm32g030xx.o ABSOLUTE
    RESET                                    0x08000000   Section      192  startup_stm32g030xx.o(RESET)
    !!!main                                  0x080000c0   Section        8  __main.o(!!!main)
    !!!scatter                               0x080000c8   Section       60  __scatter.o(!!!scatter)
    !!handler_copy                           0x08000104   Section       26  __scatter_copy.o(!!handler_copy)
    !!handler_zi                             0x08000120   Section       28  __scatter_zi.o(!!handler_zi)
    .ARM.Collect$$_printf_percent$$00000000  0x0800013c   Section        2  _printf_percent.o(.ARM.Collect$$_printf_percent$$00000000)
    .ARM.Collect$$_printf_percent$$00000009  0x0800013e   Section       10  _printf_d.o(.ARM.Collect$$_printf_percent$$00000009)
    .ARM.Collect$$_printf_percent$$0000000A  0x08000148   Section       10  _printf_u.o(.ARM.Collect$$_printf_percent$$0000000A)
    .ARM.Collect$$_printf_percent$$00000014  0x08000152   Section       10  _printf_s.o(.ARM.Collect$$_printf_percent$$00000014)
    .ARM.Collect$$_printf_percent$$00000017  0x0800015c   Section        4  _printf_percent_end.o(.ARM.Collect$$_printf_percent$$00000017)
    .ARM.Collect$$libinit$$00000000          0x08000160   Section        2  libinit.o(.ARM.Collect$$libinit$$00000000)
    .ARM.Collect$$libinit$$00000002          0x08000162   Section        0  libinit2.o(.ARM.Collect$$libinit$$00000002)
    .ARM.Collect$$libinit$$00000004          0x08000162   Section        0  libinit2.o(.ARM.Collect$$libinit$$00000004)
    .ARM.Collect$$libinit$$0000000A          0x08000162   Section        0  libinit2.o(.ARM.Collect$$libinit$$0000000A)
    .ARM.Collect$$libinit$$0000000C          0x08000162   Section        0  libinit2.o(.ARM.Collect$$libinit$$0000000C)
    .ARM.Collect$$libinit$$0000000E          0x08000162   Section        0  libinit2.o(.ARM.Collect$$libinit$$0000000E)
    .ARM.Collect$$libinit$$00000011          0x08000162   Section        0  libinit2.o(.ARM.Collect$$libinit$$00000011)
    .ARM.Collect$$libinit$$00000013          0x08000162   Section        0  libinit2.o(.ARM.Collect$$libinit$$00000013)
    .ARM.Collect$$libinit$$00000015          0x08000162   Section        0  libinit2.o(.ARM.Collect$$libinit$$00000015)
    .ARM.Collect$$libinit$$00000017          0x08000162   Section        0  libinit2.o(.ARM.Collect$$libinit$$00000017)
    .ARM.Collect$$libinit$$00000019          0x08000162   Section        0  libinit2.o(.ARM.Collect$$libinit$$00000019)
    .ARM.Collect$$libinit$$0000001B          0x08000162   Section        0  libinit2.o(.ARM.Collect$$libinit$$0000001B)
    .ARM.Collect$$libinit$$0000001D          0x08000162   Section        0  libinit2.o(.ARM.Collect$$libinit$$0000001D)
    .ARM.Collect$$libinit$$0000001F          0x08000162   Section        0  libinit2.o(.ARM.Collect$$libinit$$0000001F)
    .ARM.Collect$$libinit$$00000021          0x08000162   Section        0  libinit2.o(.ARM.Collect$$libinit$$00000021)
    .ARM.Collect$$libinit$$00000023          0x08000162   Section        0  libinit2.o(.ARM.Collect$$libinit$$00000023)
    .ARM.Collect$$libinit$$00000025          0x08000162   Section        0  libinit2.o(.ARM.Collect$$libinit$$00000025)
    .ARM.Collect$$libinit$$0000002C          0x08000162   Section        0  libinit2.o(.ARM.Collect$$libinit$$0000002C)
    .ARM.Collect$$libinit$$0000002E          0x08000162   Section        0  libinit2.o(.ARM.Collect$$libinit$$0000002E)
    .ARM.Collect$$libinit$$00000030          0x08000162   Section        0  libinit2.o(.ARM.Collect$$libinit$$00000030)
    .ARM.Collect$$libinit$$00000032          0x08000162   Section        0  libinit2.o(.ARM.Collect$$libinit$$00000032)
    .ARM.Collect$$libinit$$00000033          0x08000162   Section        2  libinit2.o(.ARM.Collect$$libinit$$00000033)
    .ARM.Collect$$libshutdown$$00000000      0x08000164   Section        2  libshutdown.o(.ARM.Collect$$libshutdown$$00000000)
    .ARM.Collect$$libshutdown$$00000002      0x08000166   Section        0  libshutdown2.o(.ARM.Collect$$libshutdown$$00000002)
    .ARM.Collect$$libshutdown$$00000004      0x08000166   Section        0  libshutdown2.o(.ARM.Collect$$libshutdown$$00000004)
    .ARM.Collect$$libshutdown$$00000006      0x08000166   Section        0  libshutdown2.o(.ARM.Collect$$libshutdown$$00000006)
    .ARM.Collect$$libshutdown$$00000009      0x08000166   Section        0  libshutdown2.o(.ARM.Collect$$libshutdown$$00000009)
    .ARM.Collect$$libshutdown$$0000000C      0x08000166   Section        0  libshutdown2.o(.ARM.Collect$$libshutdown$$0000000C)
    .ARM.Collect$$libshutdown$$0000000E      0x08000166   Section        0  libshutdown2.o(.ARM.Collect$$libshutdown$$0000000E)
    .ARM.Collect$$libshutdown$$00000011      0x08000166   Section        0  libshutdown2.o(.ARM.Collect$$libshutdown$$00000011)
    .ARM.Collect$$libshutdown$$00000012      0x08000166   Section        2  libshutdown2.o(.ARM.Collect$$libshutdown$$00000012)
    .ARM.Collect$$rtentry$$00000000          0x08000168   Section        0  __rtentry.o(.ARM.Collect$$rtentry$$00000000)
    .ARM.Collect$$rtentry$$00000002          0x08000168   Section        0  __rtentry2.o(.ARM.Collect$$rtentry$$00000002)
    .ARM.Collect$$rtentry$$00000004          0x08000168   Section        6  __rtentry4.o(.ARM.Collect$$rtentry$$00000004)
    .ARM.Collect$$rtentry$$00000009          0x0800016e   Section        0  __rtentry2.o(.ARM.Collect$$rtentry$$00000009)
    .ARM.Collect$$rtentry$$0000000A          0x0800016e   Section        4  __rtentry2.o(.ARM.Collect$$rtentry$$0000000A)
    .ARM.Collect$$rtentry$$0000000C          0x08000172   Section        0  __rtentry2.o(.ARM.Collect$$rtentry$$0000000C)
    .ARM.Collect$$rtentry$$0000000D          0x08000172   Section        8  __rtentry2.o(.ARM.Collect$$rtentry$$0000000D)
    .ARM.Collect$$rtexit$$00000000           0x0800017a   Section        2  rtexit.o(.ARM.Collect$$rtexit$$00000000)
    .ARM.Collect$$rtexit$$00000002           0x0800017c   Section        0  rtexit2.o(.ARM.Collect$$rtexit$$00000002)
    .ARM.Collect$$rtexit$$00000003           0x0800017c   Section        4  rtexit2.o(.ARM.Collect$$rtexit$$00000003)
    .ARM.Collect$$rtexit$$00000004           0x08000180   Section        6  rtexit2.o(.ARM.Collect$$rtexit$$00000004)
    .emb_text                                0x08000188   Section       56  rt_memcpy.o(.emb_text)
    .text                                    0x080001c0   Section       56  startup_stm32g030xx.o(.text)
    .text                                    0x080001f8   Section        0  noretval__2sprintf.o(.text)
    .text                                    0x08000220   Section        0  _printf_str.o(.text)
    .text                                    0x08000274   Section        0  _printf_dec.o(.text)
    .text                                    0x080002e0   Section        0  __printf_ss.o(.text)
    .text                                    0x080003a0   Section        0  strlen.o(.text)
    .text                                    0x080003e4   Section        0  aeabi_memset.o(.text)
    .text                                    0x080003f6   Section        0  rt_memclr.o(.text)
    .text                                    0x08000436   Section      346  aeabi_sdiv.o(.text)
    .text                                    0x08000590   Section        0  heapauxi.o(.text)
    .text                                    0x08000596   Section        0  _printf_intcommon.o(.text)
    .text                                    0x08000648   Section        0  _printf_char_common.o(.text)
    _printf_input_char                       0x08000649   Thumb Code    10  _printf_char_common.o(.text)
    .text                                    0x08000678   Section        0  _sputc.o(.text)
    .text                                    0x08000682   Section        0  _printf_char.o(.text)
    .text                                    0x080006b0   Section        0  rtudiv10.o(.text)
    .text                                    0x080006d8   Section       62  sys_stackheap_outer.o(.text)
    .text                                    0x08000716   Section        0  exit.o(.text)
    .text                                    0x08000728   Section        8  libspace.o(.text)
    .text                                    0x08000730   Section        0  sys_exit.o(.text)
    .text                                    0x0800073c   Section        2  use_no_semi.o(.text)
    .text                                    0x0800073e   Section        0  indicate_semi.o(.text)
    i.ADC_ConversionStop                     0x08000740   Section        0  stm32g0xx_hal_adc.o(i.ADC_ConversionStop)
    i.ADC_Disable                            0x080007a0   Section        0  stm32g0xx_hal_adc.o(i.ADC_Disable)
    i.ADC_Enable                             0x08000814   Section        0  stm32g0xx_hal_adc.o(i.ADC_Enable)
    i.Config_Calc_Checksum                   0x080008c8   Section        0  main.o(i.Config_Calc_Checksum)
    Config_Calc_Checksum                     0x080008c9   Thumb Code    22  main.o(i.Config_Calc_Checksum)
    i.Config_Is_Valid                        0x080008e4   Section        0  main.o(i.Config_Is_Valid)
    Config_Is_Valid                          0x080008e5   Thumb Code    58  main.o(i.Config_Is_Valid)
    i.Config_Reset_Defaults                  0x08000928   Section        0  main.o(i.Config_Reset_Defaults)
    Config_Reset_Defaults                    0x08000929   Thumb Code    20  main.o(i.Config_Reset_Defaults)
    i.Config_Save                            0x08000944   Section        0  main.o(i.Config_Save)
    Config_Save                              0x08000945   Thumb Code   200  main.o(i.Config_Save)
    i.Error_Handler                          0x08000a1c   Section        0  main.o(i.Error_Handler)
    i.FLASH_MassErase                        0x08000a20   Section        0  stm32g0xx_hal_flash_ex.o(i.FLASH_MassErase)
    FLASH_MassErase                          0x08000a21   Thumb Code    16  stm32g0xx_hal_flash_ex.o(i.FLASH_MassErase)
    i.FLASH_PageErase                        0x08000a34   Section        0  stm32g0xx_hal_flash_ex.o(i.FLASH_PageErase)
    i.FLASH_Program_DoubleWord               0x08000a54   Section        0  stm32g0xx_hal_flash.o(i.FLASH_Program_DoubleWord)
    FLASH_Program_DoubleWord                 0x08000a55   Thumb Code    22  stm32g0xx_hal_flash.o(i.FLASH_Program_DoubleWord)
    i.FLASH_Program_Fast                     0x08000a70   Section        0  stm32g0xx_hal_flash.o(i.FLASH_Program_Fast)
    FLASH_Program_Fast                       0x08000a71   Thumb Code    46  stm32g0xx_hal_flash.o(i.FLASH_Program_Fast)
    i.FLASH_WaitForLastOperation             0x08000aa4   Section        0  stm32g0xx_hal_flash.o(i.FLASH_WaitForLastOperation)
    i.Get_Key_By_UART                        0x08000b0c   Section        0  main.o(i.Get_Key_By_UART)
    Get_Key_By_UART                          0x08000b0d   Thumb Code   142  main.o(i.Get_Key_By_UART)
    i.Gui_DrawFont_GBK16                     0x08000ba0   Section        0  lcd.o(i.Gui_DrawFont_GBK16)
    i.Gui_DrawPoint                          0x08000c28   Section        0  lcd.o(i.Gui_DrawPoint)
    i.HAL_ADC_ConfigChannel                  0x08000c40   Section        0  stm32g0xx_hal_adc.o(i.HAL_ADC_ConfigChannel)
    i.HAL_ADC_GetValue                       0x08000e64   Section        0  stm32g0xx_hal_adc.o(i.HAL_ADC_GetValue)
    i.HAL_ADC_Init                           0x08000e6c   Section        0  stm32g0xx_hal_adc.o(i.HAL_ADC_Init)
    i.HAL_ADC_MspInit                        0x0800108c   Section        0  adc.o(i.HAL_ADC_MspInit)
    i.HAL_ADC_PollForConversion              0x080010e8   Section        0  stm32g0xx_hal_adc.o(i.HAL_ADC_PollForConversion)
    i.HAL_ADC_Start                          0x080011ac   Section        0  stm32g0xx_hal_adc.o(i.HAL_ADC_Start)
    i.HAL_ADC_Stop                           0x08001214   Section        0  stm32g0xx_hal_adc.o(i.HAL_ADC_Stop)
    i.HAL_Delay                              0x08001254   Section        0  stm32g0xx_hal.o(i.HAL_Delay)
    i.HAL_FLASHEx_Erase                      0x08001278   Section        0  stm32g0xx_hal_flash_ex.o(i.HAL_FLASHEx_Erase)
    i.HAL_FLASH_Lock                         0x08001300   Section        0  stm32g0xx_hal_flash.o(i.HAL_FLASH_Lock)
    i.HAL_FLASH_Program                      0x08001328   Section        0  stm32g0xx_hal_flash.o(i.HAL_FLASH_Program)
    i.HAL_FLASH_Unlock                       0x08001388   Section        0  stm32g0xx_hal_flash.o(i.HAL_FLASH_Unlock)
    i.HAL_GPIO_Init                          0x080013b0   Section        0  stm32g0xx_hal_gpio.o(i.HAL_GPIO_Init)
    i.HAL_GPIO_WritePin                      0x0800150c   Section        0  stm32g0xx_hal_gpio.o(i.HAL_GPIO_WritePin)
    i.HAL_GetTick                            0x08001518   Section        0  stm32g0xx_hal.o(i.HAL_GetTick)
    i.HAL_IncTick                            0x08001524   Section        0  stm32g0xx_hal.o(i.HAL_IncTick)
    i.HAL_Init                               0x08001534   Section        0  stm32g0xx_hal.o(i.HAL_Init)
    i.HAL_InitTick                           0x0800155c   Section        0  stm32g0xx_hal.o(i.HAL_InitTick)
    i.HAL_MspInit                            0x080015a4   Section        0  stm32g0xx_hal_msp.o(i.HAL_MspInit)
    i.HAL_NVIC_EnableIRQ                     0x080015d0   Section        0  stm32g0xx_hal_cortex.o(i.HAL_NVIC_EnableIRQ)
    i.HAL_NVIC_SetPriority                   0x080015e8   Section        0  stm32g0xx_hal_cortex.o(i.HAL_NVIC_SetPriority)
    i.HAL_PWREx_ControlVoltageScaling        0x080015f0   Section        0  stm32g0xx_hal_pwr_ex.o(i.HAL_PWREx_ControlVoltageScaling)
    i.HAL_RCCEx_PeriphCLKConfig              0x0800163c   Section        0  stm32g0xx_hal_rcc_ex.o(i.HAL_RCCEx_PeriphCLKConfig)
    i.HAL_RCC_ClockConfig                    0x08001788   Section        0  stm32g0xx_hal_rcc.o(i.HAL_RCC_ClockConfig)
    i.HAL_RCC_GetPCLK1Freq                   0x080018e0   Section        0  stm32g0xx_hal_rcc.o(i.HAL_RCC_GetPCLK1Freq)
    i.HAL_RCC_GetSysClockFreq                0x08001908   Section        0  stm32g0xx_hal_rcc.o(i.HAL_RCC_GetSysClockFreq)
    i.HAL_RCC_OscConfig                      0x08001994   Section        0  stm32g0xx_hal_rcc.o(i.HAL_RCC_OscConfig)
    i.HAL_SYSTICK_Config                     0x08001d6c   Section        0  stm32g0xx_hal_cortex.o(i.HAL_SYSTICK_Config)
    i.HAL_TIMEx_Break2Callback               0x08001d9c   Section        0  stm32g0xx_hal_tim_ex.o(i.HAL_TIMEx_Break2Callback)
    i.HAL_TIMEx_BreakCallback                0x08001d9e   Section        0  stm32g0xx_hal_tim_ex.o(i.HAL_TIMEx_BreakCallback)
    i.HAL_TIMEx_CommutCallback               0x08001da0   Section        0  stm32g0xx_hal_tim_ex.o(i.HAL_TIMEx_CommutCallback)
    i.HAL_TIM_Base_Init                      0x08001da2   Section        0  stm32g0xx_hal_tim.o(i.HAL_TIM_Base_Init)
    i.HAL_TIM_Base_MspInit                   0x08001df0   Section        0  tim.o(i.HAL_TIM_Base_MspInit)
    i.HAL_TIM_Base_Start_IT                  0x08001e24   Section        0  stm32g0xx_hal_tim.o(i.HAL_TIM_Base_Start_IT)
    i.HAL_TIM_IC_CaptureCallback             0x08001e74   Section        0  stm32g0xx_hal_tim.o(i.HAL_TIM_IC_CaptureCallback)
    i.HAL_TIM_IRQHandler                     0x08001e78   Section        0  stm32g0xx_hal_tim.o(i.HAL_TIM_IRQHandler)
    i.HAL_TIM_OC_DelayElapsedCallback        0x08001fc0   Section        0  stm32g0xx_hal_tim.o(i.HAL_TIM_OC_DelayElapsedCallback)
    i.HAL_TIM_PWM_PulseFinishedCallback      0x08001fc2   Section        0  stm32g0xx_hal_tim.o(i.HAL_TIM_PWM_PulseFinishedCallback)
    i.HAL_TIM_PeriodElapsedCallback          0x08001fc4   Section        0  main.o(i.HAL_TIM_PeriodElapsedCallback)
    i.HAL_TIM_TriggerCallback                0x08001fd8   Section        0  stm32g0xx_hal_tim.o(i.HAL_TIM_TriggerCallback)
    i.HAL_UARTEx_DisableFifoMode             0x08001fda   Section        0  stm32g0xx_hal_uart_ex.o(i.HAL_UARTEx_DisableFifoMode)
    i.HAL_UARTEx_SetRxFifoThreshold          0x08002016   Section        0  stm32g0xx_hal_uart_ex.o(i.HAL_UARTEx_SetRxFifoThreshold)
    i.HAL_UARTEx_SetTxFifoThreshold          0x0800205e   Section        0  stm32g0xx_hal_uart_ex.o(i.HAL_UARTEx_SetTxFifoThreshold)
    i.HAL_UART_Init                          0x080020a4   Section        0  stm32g0xx_hal_uart.o(i.HAL_UART_Init)
    i.HAL_UART_MspInit                       0x08002110   Section        0  usart.o(i.HAL_UART_MspInit)
    i.HAL_UART_Receive                       0x08002190   Section        0  stm32g0xx_hal_uart.o(i.HAL_UART_Receive)
    i.HAL_UART_Transmit                      0x08002298   Section        0  stm32g0xx_hal_uart.o(i.HAL_UART_Transmit)
    i.HardFault_Handler                      0x0800236e   Section        0  stm32g0xx_it.o(i.HardFault_Handler)
    i.Key_To_String                          0x08002370   Section        0  main.o(i.Key_To_String)
    Key_To_String                            0x08002371   Thumb Code    56  main.o(i.Key_To_String)
    i.LCD_Draw_TextLine                      0x080023ec   Section        0  main.o(i.LCD_Draw_TextLine)
    LCD_Draw_TextLine                        0x080023ed   Thumb Code    64  main.o(i.LCD_Draw_TextLine)
    i.LCD_Set_Message                        0x08002430   Section        0  main.o(i.LCD_Set_Message)
    LCD_Set_Message                          0x08002431   Thumb Code    18  main.o(i.LCD_Set_Message)
    i.LCD_Show_Status                        0x08002448   Section        0  main.o(i.LCD_Show_Status)
    LCD_Show_Status                          0x08002449   Thumb Code   142  main.o(i.LCD_Show_Status)
    i.LCD_WriteData_16Bit                    0x08002520   Section        0  lcd.o(i.LCD_WriteData_16Bit)
    i.LL_ADC_IsEnabled                       0x08002548   Section        0  stm32g0xx_hal_adc.o(i.LL_ADC_IsEnabled)
    LL_ADC_IsEnabled                         0x08002549   Thumb Code     8  stm32g0xx_hal_adc.o(i.LL_ADC_IsEnabled)
    i.LL_ADC_REG_IsConversionOngoing         0x08002550   Section        0  stm32g0xx_hal_adc.o(i.LL_ADC_REG_IsConversionOngoing)
    LL_ADC_REG_IsConversionOngoing           0x08002551   Thumb Code     8  stm32g0xx_hal_adc.o(i.LL_ADC_REG_IsConversionOngoing)
    i.LL_ADC_REG_IsTriggerSourceSWStart      0x08002558   Section        0  stm32g0xx_hal_adc.o(i.LL_ADC_REG_IsTriggerSourceSWStart)
    LL_ADC_REG_IsTriggerSourceSWStart        0x08002559   Thumb Code    16  stm32g0xx_hal_adc.o(i.LL_ADC_REG_IsTriggerSourceSWStart)
    i.LL_ADC_SetCommonPathInternalCh         0x08002568   Section        0  stm32g0xx_hal_adc.o(i.LL_ADC_SetCommonPathInternalCh)
    LL_ADC_SetCommonPathInternalCh           0x08002569   Thumb Code    14  stm32g0xx_hal_adc.o(i.LL_ADC_SetCommonPathInternalCh)
    i.LL_ADC_SetSamplingTimeCommonChannels   0x08002576   Section        0  stm32g0xx_hal_adc.o(i.LL_ADC_SetSamplingTimeCommonChannels)
    LL_ADC_SetSamplingTimeCommonChannels     0x08002577   Thumb Code    22  stm32g0xx_hal_adc.o(i.LL_ADC_SetSamplingTimeCommonChannels)
    i.Lcd_Clear                              0x0800258c   Section        0  lcd.o(i.Lcd_Clear)
    i.Lcd_Init                               0x080025bc   Section        0  lcd.o(i.Lcd_Init)
    i.Lcd_SetRegion                          0x08002660   Section        0  lcd.o(i.Lcd_SetRegion)
    i.Lcd_WriteData                          0x080026b8   Section        0  lcd.o(i.Lcd_WriteData)
    i.Lcd_WriteIndex                         0x080026d8   Section        0  lcd.o(i.Lcd_WriteIndex)
    i.MX_ADC1_Init                           0x080026f8   Section        0  adc.o(i.MX_ADC1_Init)
    i.MX_GPIO_Init                           0x0800276c   Section        0  gpio.o(i.MX_GPIO_Init)
    i.MX_TIM14_Init                          0x080027f0   Section        0  tim.o(i.MX_TIM14_Init)
    i.MX_USART1_UART_Init                    0x08002820   Section        0  usart.o(i.MX_USART1_UART_Init)
    i.Mode_To_String                         0x08002888   Section        0  main.o(i.Mode_To_String)
    Mode_To_String                           0x08002889   Thumb Code    12  main.o(i.Mode_To_String)
    i.NMI_Handler                            0x080028a4   Section        0  stm32g0xx_it.o(i.NMI_Handler)
    i.Output_Mode_To_String                  0x080028a8   Section        0  main.o(i.Output_Mode_To_String)
    Output_Mode_To_String                    0x080028a9   Thumb Code    12  main.o(i.Output_Mode_To_String)
    i.PendSV_Handler                         0x080028c0   Section        0  stm32g0xx_it.o(i.PendSV_Handler)
    i.Process_Key                            0x080028c4   Section        0  main.o(i.Process_Key)
    Process_Key                              0x080028c5   Thumb Code   200  main.o(i.Process_Key)
    i.Read_ADC_Channel                       0x080029d4   Section        0  main.o(i.Read_ADC_Channel)
    Read_ADC_Channel                         0x080029d5   Thumb Code    64  main.o(i.Read_ADC_Channel)
    i.SPI_WriteData                          0x08002a18   Section        0  lcd.o(i.SPI_WriteData)
    i.SVC_Handler                            0x08002a44   Section        0  stm32g0xx_it.o(i.SVC_Handler)
    i.Soft_PWM_Update                        0x08002a48   Section        0  main.o(i.Soft_PWM_Update)
    Soft_PWM_Update                          0x08002a49   Thumb Code    72  main.o(i.Soft_PWM_Update)
    i.SysTick_Handler                        0x08002a98   Section        0  stm32g0xx_it.o(i.SysTick_Handler)
    i.SystemClock_Config                     0x08002aa0   Section        0  main.o(i.SystemClock_Config)
    i.SystemInit                             0x08002afa   Section        0  system_stm32g0xx.o(i.SystemInit)
    i.TIM14_IRQHandler                       0x08002afc   Section        0  stm32g0xx_it.o(i.TIM14_IRQHandler)
    i.TIM_Base_SetConfig                     0x08002b0c   Section        0  stm32g0xx_hal_tim.o(i.TIM_Base_SetConfig)
    i.UARTEx_SetNbDataToProcess              0x08002b90   Section        0  stm32g0xx_hal_uart_ex.o(i.UARTEx_SetNbDataToProcess)
    UARTEx_SetNbDataToProcess                0x08002b91   Thumb Code    62  stm32g0xx_hal_uart_ex.o(i.UARTEx_SetNbDataToProcess)
    i.UART_AdvFeatureConfig                  0x08002bd4   Section        0  stm32g0xx_hal_uart.o(i.UART_AdvFeatureConfig)
    i.UART_CheckIdleState                    0x08002ca0   Section        0  stm32g0xx_hal_uart.o(i.UART_CheckIdleState)
    i.UART_EndRxTransfer                     0x08002d58   Section        0  stm32g0xx_hal_uart.o(i.UART_EndRxTransfer)
    UART_EndRxTransfer                       0x08002d59   Thumb Code    96  stm32g0xx_hal_uart.o(i.UART_EndRxTransfer)
    i.UART_SetConfig                         0x08002dbc   Section        0  stm32g0xx_hal_uart.o(i.UART_SetConfig)
    i.UART_WaitOnFlagUntilTimeout            0x08002f24   Section        0  stm32g0xx_hal_uart.o(i.UART_WaitOnFlagUntilTimeout)
    i.__ARM_common_switch8                   0x08002fb4   Section        0  main.o(i.__ARM_common_switch8)
    i.__NVIC_SetPriority                     0x08002fd0   Section        0  stm32g0xx_hal_cortex.o(i.__NVIC_SetPriority)
    __NVIC_SetPriority                       0x08002fd1   Thumb Code    60  stm32g0xx_hal_cortex.o(i.__NVIC_SetPriority)
    i.main                                   0x08003014   Section        0  main.o(i.main)
    .constdata                               0x080031f8   Section     4097  lcd.o(.constdata)
    .constdata                               0x080041fa   Section       24  stm32g0xx_hal_uart.o(.constdata)
    .constdata                               0x08004212   Section       16  stm32g0xx_hal_uart_ex.o(.constdata)
    numerator                                0x08004212   Data           8  stm32g0xx_hal_uart_ex.o(.constdata)
    denominator                              0x0800421a   Data           8  stm32g0xx_hal_uart_ex.o(.constdata)
    .constdata                               0x08004224   Section       64  system_stm32g0xx.o(.constdata)
    .constdata                               0x08004264   Section       32  system_stm32g0xx.o(.constdata)
    .conststring                             0x08004284   Section       93  main.o(.conststring)
    .data                                    0x20000000   Section       48  main.o(.data)
    g_work_mode                              0x20000000   Data           1  main.o(.data)
    g_manual_level                           0x20000001   Data           1  main.o(.data)
    g_led_level                              0x20000002   Data           1  main.o(.data)
    g_output_mode                            0x20000003   Data           1  main.o(.data)
    g_pwm_brightness                         0x20000004   Data           2  main.o(.data)
    pwm_step                                 0x20000006   Data           2  main.o(.data)
    g_light_bright_threshold                 0x20000008   Data           4  main.o(.data)
    g_light_mid_threshold                    0x2000000c   Data           4  main.o(.data)
    g_light_dark_threshold                   0x20000010   Data           4  main.o(.data)
    g_light_adc                              0x20000014   Data           4  main.o(.data)
    g_key_adc                                0x20000018   Data           4  main.o(.data)
    g_lcd_message                            0x2000001c   Data           4  main.o(.data)
    g_lcd_message_until                      0x20000020   Data           4  main.o(.data)
    last_adc_sample_tick                     0x20000024   Data           4  main.o(.data)
    last_lcd_refresh_tick                    0x20000028   Data           4  main.o(.data)
    last_uart_report_tick                    0x2000002c   Data           4  main.o(.data)
    .data                                    0x20000030   Section       12  stm32g0xx_hal.o(.data)
    .data                                    0x2000003c   Section        4  system_stm32g0xx.o(.data)
    .bss                                     0x20000040   Section      100  adc.o(.bss)
    .bss                                     0x200000a4   Section       76  tim.o(.bss)
    .bss                                     0x200000f0   Section      148  usart.o(.bss)
    .bss                                     0x20000184   Section       28  stm32g0xx_hal_flash.o(.bss)
    .bss                                     0x200001a0   Section       96  libspace.o(.bss)
    HEAP                                     0x20000200   Section      512  startup_stm32g030xx.o(HEAP)
    Heap_Mem                                 0x20000200   Data         512  startup_stm32g030xx.o(HEAP)
    STACK                                    0x20000400   Section     1024  startup_stm32g030xx.o(STACK)
    Stack_Mem                                0x20000400   Data        1024  startup_stm32g030xx.o(STACK)
    __initial_sp                             0x20000800   Data           0  startup_stm32g030xx.o(STACK)

    Global Symbols

    Symbol Name                              Value     Ov Type        Size  Object(Section)

    BuildAttributes$$THM_ISAv3M$S$PE$A:L22$X:L11$S22$IEEE1$IW$USESV6$~STKCKD$USESV7$~SHL$OSPACE$ROPI$EBA8$UX$STANDARDLIB$REQ8$PRES8$EABIv2 0x00000000   Number         0  anon$$obj.o ABSOLUTE
    __ARM_use_no_argv                        0x00000000   Number         0  main.o ABSOLUTE
    _printf_flags                            0x00000000   Number         0  printf_stubs.o ABSOLUTE
    _printf_return_value                     0x00000000   Number         0  printf_stubs.o ABSOLUTE
    _printf_sizespec                         0x00000000   Number         0  printf_stubs.o ABSOLUTE
    _printf_widthprec                        0x00000000   Number         0  printf_stubs.o ABSOLUTE
    __ARM_exceptions_init                     - Undefined Weak Reference
    __alloca_initialize                       - Undefined Weak Reference
    __arm_fini_                               - Undefined Weak Reference
    __arm_preinit_                            - Undefined Weak Reference
    __cpp_initialize__aeabi_                  - Undefined Weak Reference
    __cxa_finalize                            - Undefined Weak Reference
    __rt_locale                               - Undefined Weak Reference
    __sigvec_lookup                           - Undefined Weak Reference
    _atexit_init                              - Undefined Weak Reference
    _call_atexit_fns                          - Undefined Weak Reference
    _clock_init                               - Undefined Weak Reference
    _fp_trap_init                             - Undefined Weak Reference
    _fp_trap_shutdown                         - Undefined Weak Reference
    _get_lc_collate                           - Undefined Weak Reference
    _get_lc_ctype                             - Undefined Weak Reference
    _get_lc_monetary                          - Undefined Weak Reference
    _get_lc_numeric                           - Undefined Weak Reference
    _get_lc_time                              - Undefined Weak Reference
    _getenv_init                              - Undefined Weak Reference
    _handle_redirection                       - Undefined Weak Reference
    _init_alloc                               - Undefined Weak Reference
    _init_user_alloc                          - Undefined Weak Reference
    _initio                                   - Undefined Weak Reference
    _printf_mbtowc                            - Undefined Weak Reference
    _printf_post_padding                      - Undefined Weak Reference
    _printf_pre_padding                       - Undefined Weak Reference
    _printf_truncate_signed                   - Undefined Weak Reference
    _printf_truncate_unsigned                 - Undefined Weak Reference
    _rand_init                                - Undefined Weak Reference
    _signal_finish                            - Undefined Weak Reference
    _signal_init                              - Undefined Weak Reference
    _terminate_alloc                          - Undefined Weak Reference
    _terminate_user_alloc                     - Undefined Weak Reference
    _terminateio                              - Undefined Weak Reference
    __Vectors_Size                           0x000000c0   Number         0  startup_stm32g030xx.o ABSOLUTE
    __Vectors                                0x08000000   Data           4  startup_stm32g030xx.o(RESET)
    __Vectors_End                            0x080000c0   Data           0  startup_stm32g030xx.o(RESET)
    __main                                   0x080000c1   Thumb Code     8  __main.o(!!!main)
    __scatterload                            0x080000c9   Thumb Code     0  __scatter.o(!!!scatter)
    __scatterload_rt2                        0x080000c9   Thumb Code    52  __scatter.o(!!!scatter)
    __scatterload_rt2_thumb_only             0x080000c9   Thumb Code     0  __scatter.o(!!!scatter)
    __scatterload_null                       0x080000d9   Thumb Code     0  __scatter.o(!!!scatter)
    __scatterload_copy                       0x08000105   Thumb Code    26  __scatter_copy.o(!!handler_copy)
    __scatterload_zeroinit                   0x08000121   Thumb Code    28  __scatter_zi.o(!!handler_zi)
    _printf_percent                          0x0800013d   Thumb Code     0  _printf_percent.o(.ARM.Collect$$_printf_percent$$00000000)
    _printf_d                                0x0800013f   Thumb Code     0  _printf_d.o(.ARM.Collect$$_printf_percent$$00000009)
    _printf_u                                0x08000149   Thumb Code     0  _printf_u.o(.ARM.Collect$$_printf_percent$$0000000A)
    _printf_s                                0x08000153   Thumb Code     0  _printf_s.o(.ARM.Collect$$_printf_percent$$00000014)
    _printf_percent_end                      0x0800015d   Thumb Code     0  _printf_percent_end.o(.ARM.Collect$$_printf_percent$$00000017)
    __rt_lib_init                            0x08000161   Thumb Code     0  libinit.o(.ARM.Collect$$libinit$$00000000)
    __rt_lib_init_alloca_1                   0x08000163   Thumb Code     0  libinit2.o(.ARM.Collect$$libinit$$0000002E)
    __rt_lib_init_argv_1                     0x08000163   Thumb Code     0  libinit2.o(.ARM.Collect$$libinit$$0000002C)
    __rt_lib_init_atexit_1                   0x08000163   Thumb Code     0  libinit2.o(.ARM.Collect$$libinit$$0000001B)
    __rt_lib_init_clock_1                    0x08000163   Thumb Code     0  libinit2.o(.ARM.Collect$$libinit$$00000021)
    __rt_lib_init_cpp_1                      0x08000163   Thumb Code     0  libinit2.o(.ARM.Collect$$libinit$$00000032)
    __rt_lib_init_exceptions_1               0x08000163   Thumb Code     0  libinit2.o(.ARM.Collect$$libinit$$00000030)
    __rt_lib_init_fp_1                       0x08000163   Thumb Code     0  libinit2.o(.ARM.Collect$$libinit$$00000002)
    __rt_lib_init_fp_trap_1                  0x08000163   Thumb Code     0  libinit2.o(.ARM.Collect$$libinit$$0000001F)
    __rt_lib_init_getenv_1                   0x08000163   Thumb Code     0  libinit2.o(.ARM.Collect$$libinit$$00000023)
    __rt_lib_init_heap_1                     0x08000163   Thumb Code     0  libinit2.o(.ARM.Collect$$libinit$$0000000A)
    __rt_lib_init_lc_collate_1               0x08000163   Thumb Code     0  libinit2.o(.ARM.Collect$$libinit$$00000011)
    __rt_lib_init_lc_ctype_1                 0x08000163   Thumb Code     0  libinit2.o(.ARM.Collect$$libinit$$00000013)
    __rt_lib_init_lc_monetary_1              0x08000163   Thumb Code     0  libinit2.o(.ARM.Collect$$libinit$$00000015)
    __rt_lib_init_lc_numeric_1               0x08000163   Thumb Code     0  libinit2.o(.ARM.Collect$$libinit$$00000017)
    __rt_lib_init_lc_time_1                  0x08000163   Thumb Code     0  libinit2.o(.ARM.Collect$$libinit$$00000019)
    __rt_lib_init_preinit_1                  0x08000163   Thumb Code     0  libinit2.o(.ARM.Collect$$libinit$$00000004)
    __rt_lib_init_rand_1                     0x08000163   Thumb Code     0  libinit2.o(.ARM.Collect$$libinit$$0000000E)
    __rt_lib_init_return                     0x08000163   Thumb Code     0  libinit2.o(.ARM.Collect$$libinit$$00000033)
    __rt_lib_init_signal_1                   0x08000163   Thumb Code     0  libinit2.o(.ARM.Collect$$libinit$$0000001D)
    __rt_lib_init_stdio_1                    0x08000163   Thumb Code     0  libinit2.o(.ARM.Collect$$libinit$$00000025)
    __rt_lib_init_user_alloc_1               0x08000163   Thumb Code     0  libinit2.o(.ARM.Collect$$libinit$$0000000C)
    __rt_lib_shutdown                        0x08000165   Thumb Code     0  libshutdown.o(.ARM.Collect$$libshutdown$$00000000)
    __rt_lib_shutdown_cpp_1                  0x08000167   Thumb Code     0  libshutdown2.o(.ARM.Collect$$libshutdown$$00000004)
    __rt_lib_shutdown_fini_1                 0x08000167   Thumb Code     0  libshutdown2.o(.ARM.Collect$$libshutdown$$00000002)
    __rt_lib_shutdown_fp_trap_1              0x08000167   Thumb Code     0  libshutdown2.o(.ARM.Collect$$libshutdown$$00000009)
    __rt_lib_shutdown_heap_1                 0x08000167   Thumb Code     0  libshutdown2.o(.ARM.Collect$$libshutdown$$00000011)
    __rt_lib_shutdown_return                 0x08000167   Thumb Code     0  libshutdown2.o(.ARM.Collect$$libshutdown$$00000012)
    __rt_lib_shutdown_signal_1               0x08000167   Thumb Code     0  libshutdown2.o(.ARM.Collect$$libshutdown$$0000000C)
    __rt_lib_shutdown_stdio_1                0x08000167   Thumb Code     0  libshutdown2.o(.ARM.Collect$$libshutdown$$00000006)
    __rt_lib_shutdown_user_alloc_1           0x08000167   Thumb Code     0  libshutdown2.o(.ARM.Collect$$libshutdown$$0000000E)
    __rt_entry                               0x08000169   Thumb Code     0  __rtentry.o(.ARM.Collect$$rtentry$$00000000)
    __rt_entry_presh_1                       0x08000169   Thumb Code     0  __rtentry2.o(.ARM.Collect$$rtentry$$00000002)
    __rt_entry_sh                            0x08000169   Thumb Code     0  __rtentry4.o(.ARM.Collect$$rtentry$$00000004)
    __rt_entry_li                            0x0800016f   Thumb Code     0  __rtentry2.o(.ARM.Collect$$rtentry$$0000000A)
    __rt_entry_postsh_1                      0x0800016f   Thumb Code     0  __rtentry2.o(.ARM.Collect$$rtentry$$00000009)
    __rt_entry_main                          0x08000173   Thumb Code     0  __rtentry2.o(.ARM.Collect$$rtentry$$0000000D)
    __rt_entry_postli_1                      0x08000173   Thumb Code     0  __rtentry2.o(.ARM.Collect$$rtentry$$0000000C)
    __rt_exit                                0x0800017b   Thumb Code     0  rtexit.o(.ARM.Collect$$rtexit$$00000000)
    __rt_exit_ls                             0x0800017d   Thumb Code     0  rtexit2.o(.ARM.Collect$$rtexit$$00000003)
    __rt_exit_prels_1                        0x0800017d   Thumb Code     0  rtexit2.o(.ARM.Collect$$rtexit$$00000002)
    __rt_exit_exit                           0x08000181   Thumb Code     0  rtexit2.o(.ARM.Collect$$rtexit$$00000004)
    __aeabi_memcpy4                          0x08000189   Thumb Code    56  rt_memcpy.o(.emb_text)
    __aeabi_memcpy8                          0x08000189   Thumb Code     0  rt_memcpy.o(.emb_text)
    Reset_Handler                            0x080001c1   Thumb Code     8  startup_stm32g030xx.o(.text)
    ADC1_IRQHandler                          0x080001d3   Thumb Code     0  startup_stm32g030xx.o(.text)
    DMA1_Ch4_5_DMAMUX1_OVR_IRQHandler        0x080001d3   Thumb Code     0  startup_stm32g030xx.o(.text)
    DMA1_Channel1_IRQHandler                 0x080001d3   Thumb Code     0  startup_stm32g030xx.o(.text)
    DMA1_Channel2_3_IRQHandler               0x080001d3   Thumb Code     0  startup_stm32g030xx.o(.text)
    EXTI0_1_IRQHandler                       0x080001d3   Thumb Code     0  startup_stm32g030xx.o(.text)
    EXTI2_3_IRQHandler                       0x080001d3   Thumb Code     0  startup_stm32g030xx.o(.text)
    EXTI4_15_IRQHandler                      0x080001d3   Thumb Code     0  startup_stm32g030xx.o(.text)
    FLASH_IRQHandler                         0x080001d3   Thumb Code     0  startup_stm32g030xx.o(.text)
    I2C1_IRQHandler                          0x080001d3   Thumb Code     0  startup_stm32g030xx.o(.text)
    I2C2_IRQHandler                          0x080001d3   Thumb Code     0  startup_stm32g030xx.o(.text)
    RCC_IRQHandler                           0x080001d3   Thumb Code     0  startup_stm32g030xx.o(.text)
    RTC_TAMP_IRQHandler                      0x080001d3   Thumb Code     0  startup_stm32g030xx.o(.text)
    SPI1_IRQHandler                          0x080001d3   Thumb Code     0  startup_stm32g030xx.o(.text)
    SPI2_IRQHandler                          0x080001d3   Thumb Code     0  startup_stm32g030xx.o(.text)
    TIM16_IRQHandler                         0x080001d3   Thumb Code     0  startup_stm32g030xx.o(.text)
    TIM17_IRQHandler                         0x080001d3   Thumb Code     0  startup_stm32g030xx.o(.text)
    TIM1_BRK_UP_TRG_COM_IRQHandler           0x080001d3   Thumb Code     0  startup_stm32g030xx.o(.text)
    TIM1_CC_IRQHandler                       0x080001d3   Thumb Code     0  startup_stm32g030xx.o(.text)
    TIM3_IRQHandler                          0x080001d3   Thumb Code     0  startup_stm32g030xx.o(.text)
    USART1_IRQHandler                        0x080001d3   Thumb Code     0  startup_stm32g030xx.o(.text)
    USART2_IRQHandler                        0x080001d3   Thumb Code     0  startup_stm32g030xx.o(.text)
    WWDG_IRQHandler                          0x080001d3   Thumb Code     0  startup_stm32g030xx.o(.text)
    __user_initial_stackheap                 0x080001d5   Thumb Code     0  startup_stm32g030xx.o(.text)
    __2sprintf                               0x080001f9   Thumb Code    36  noretval__2sprintf.o(.text)
    _printf_str                              0x08000221   Thumb Code    82  _printf_str.o(.text)
    _printf_int_dec                          0x08000275   Thumb Code    90  _printf_dec.o(.text)
    __printf                                 0x080002e1   Thumb Code   190  __printf_ss.o(.text)
    strlen                                   0x080003a1   Thumb Code    62  strlen.o(.text)
    __aeabi_memset                           0x080003e5   Thumb Code    18  aeabi_memset.o(.text)
    _memset_w                                0x080003f7   Thumb Code    26  rt_memclr.o(.text)
    _memset                                  0x08000411   Thumb Code    30  rt_memclr.o(.text)
    __aeabi_memclr                           0x0800042f   Thumb Code     4  rt_memclr.o(.text)
    __rt_memclr                              0x0800042f   Thumb Code     0  rt_memclr.o(.text)
    __aeabi_memclr4                          0x08000433   Thumb Code     0  rt_memclr.o(.text)
    __aeabi_memclr8                          0x08000433   Thumb Code     0  rt_memclr.o(.text)
    __rt_memclr_w                            0x08000433   Thumb Code     4  rt_memclr.o(.text)
    __aeabi_uidiv                            0x08000437   Thumb Code     0  aeabi_sdiv.o(.text)
    __aeabi_uidivmod                         0x08000437   Thumb Code    20  aeabi_sdiv.o(.text)
    __aeabi_idiv                             0x0800044b   Thumb Code     0  aeabi_sdiv.o(.text)
    __aeabi_idivmod                          0x0800044b   Thumb Code   326  aeabi_sdiv.o(.text)
    __use_two_region_memory                  0x08000591   Thumb Code     2  heapauxi.o(.text)
    __rt_heap_escrow$2region                 0x08000593   Thumb Code     2  heapauxi.o(.text)
    __rt_heap_expand$2region                 0x08000595   Thumb Code     2  heapauxi.o(.text)
    _printf_int_common                       0x08000597   Thumb Code   176  _printf_intcommon.o(.text)
    _printf_char_common                      0x08000653   Thumb Code    32  _printf_char_common.o(.text)
    _sputc                                   0x08000679   Thumb Code    10  _sputc.o(.text)
    _printf_cs_common                        0x08000683   Thumb Code    22  _printf_char.o(.text)
    _printf_char                             0x08000699   Thumb Code    16  _printf_char.o(.text)
    _printf_string                           0x080006a9   Thumb Code     8  _printf_char.o(.text)
    __rt_udiv10                              0x080006b1   Thumb Code    40  rtudiv10.o(.text)
    __user_setup_stackheap                   0x080006d9   Thumb Code    62  sys_stackheap_outer.o(.text)
    exit                                     0x08000717   Thumb Code    16  exit.o(.text)
    __user_libspace                          0x08000729   Thumb Code     8  libspace.o(.text)
    __user_perproc_libspace                  0x08000729   Thumb Code     0  libspace.o(.text)
    __user_perthread_libspace                0x08000729   Thumb Code     0  libspace.o(.text)
    _sys_exit                                0x08000731   Thumb Code     8  sys_exit.o(.text)
    __I$use$semihosting                      0x0800073d   Thumb Code     0  use_no_semi.o(.text)
    __use_no_semihosting_swi                 0x0800073d   Thumb Code     2  use_no_semi.o(.text)
    __semihosting_library_function           0x0800073f   Thumb Code     0  indicate_semi.o(.text)
    ADC_ConversionStop                       0x08000741   Thumb Code    92  stm32g0xx_hal_adc.o(i.ADC_ConversionStop)
    ADC_Disable                              0x080007a1   Thumb Code   110  stm32g0xx_hal_adc.o(i.ADC_Disable)
    ADC_Enable                               0x08000815   Thumb Code   162  stm32g0xx_hal_adc.o(i.ADC_Enable)
    Error_Handler                            0x08000a1d   Thumb Code     4  main.o(i.Error_Handler)
    FLASH_PageErase                          0x08000a35   Thumb Code    20  stm32g0xx_hal_flash_ex.o(i.FLASH_PageErase)
    FLASH_WaitForLastOperation               0x08000aa5   Thumb Code    86  stm32g0xx_hal_flash.o(i.FLASH_WaitForLastOperation)
    Gui_DrawFont_GBK16                       0x08000ba1   Thumb Code   132  lcd.o(i.Gui_DrawFont_GBK16)
    Gui_DrawPoint                            0x08000c29   Thumb Code    24  lcd.o(i.Gui_DrawPoint)
    HAL_ADC_ConfigChannel                    0x08000c41   Thumb Code   522  stm32g0xx_hal_adc.o(i.HAL_ADC_ConfigChannel)
    HAL_ADC_GetValue                         0x08000e65   Thumb Code     6  stm32g0xx_hal_adc.o(i.HAL_ADC_GetValue)
    HAL_ADC_Init                             0x08000e6d   Thumb Code   514  stm32g0xx_hal_adc.o(i.HAL_ADC_Init)
    HAL_ADC_MspInit                          0x0800108d   Thumb Code    84  adc.o(i.HAL_ADC_MspInit)
    HAL_ADC_PollForConversion                0x080010e9   Thumb Code   196  stm32g0xx_hal_adc.o(i.HAL_ADC_PollForConversion)
    HAL_ADC_Start                            0x080011ad   Thumb Code    94  stm32g0xx_hal_adc.o(i.HAL_ADC_Start)
    HAL_ADC_Stop                             0x08001215   Thumb Code    62  stm32g0xx_hal_adc.o(i.HAL_ADC_Stop)
    HAL_Delay                                0x08001255   Thumb Code    32  stm32g0xx_hal.o(i.HAL_Delay)
    HAL_FLASHEx_Erase                        0x08001279   Thumb Code   126  stm32g0xx_hal_flash_ex.o(i.HAL_FLASHEx_Erase)
    HAL_FLASH_Lock                           0x08001301   Thumb Code    34  stm32g0xx_hal_flash.o(i.HAL_FLASH_Lock)
    HAL_FLASH_Program                        0x08001329   Thumb Code    88  stm32g0xx_hal_flash.o(i.HAL_FLASH_Program)
    HAL_FLASH_Unlock                         0x08001389   Thumb Code    28  stm32g0xx_hal_flash.o(i.HAL_FLASH_Unlock)
    HAL_GPIO_Init                            0x080013b1   Thumb Code   330  stm32g0xx_hal_gpio.o(i.HAL_GPIO_Init)
    HAL_GPIO_WritePin                        0x0800150d   Thumb Code    12  stm32g0xx_hal_gpio.o(i.HAL_GPIO_WritePin)
    HAL_GetTick                              0x08001519   Thumb Code     6  stm32g0xx_hal.o(i.HAL_GetTick)
    HAL_IncTick                              0x08001525   Thumb Code    12  stm32g0xx_hal.o(i.HAL_IncTick)
    HAL_Init                                 0x08001535   Thumb Code    36  stm32g0xx_hal.o(i.HAL_Init)
    HAL_InitTick                             0x0800155d   Thumb Code    64  stm32g0xx_hal.o(i.HAL_InitTick)
    HAL_MspInit                              0x080015a5   Thumb Code    38  stm32g0xx_hal_msp.o(i.HAL_MspInit)
    HAL_NVIC_EnableIRQ                       0x080015d1   Thumb Code    18  stm32g0xx_hal_cortex.o(i.HAL_NVIC_EnableIRQ)
    HAL_NVIC_SetPriority                     0x080015e9   Thumb Code     8  stm32g0xx_hal_cortex.o(i.HAL_NVIC_SetPriority)
    HAL_PWREx_ControlVoltageScaling          0x080015f1   Thumb Code    62  stm32g0xx_hal_pwr_ex.o(i.HAL_PWREx_ControlVoltageScaling)
    HAL_RCCEx_PeriphCLKConfig                0x0800163d   Thumb Code   320  stm32g0xx_hal_rcc_ex.o(i.HAL_RCCEx_PeriphCLKConfig)
    HAL_RCC_ClockConfig                      0x08001789   Thumb Code   318  stm32g0xx_hal_rcc.o(i.HAL_RCC_ClockConfig)
    HAL_RCC_GetPCLK1Freq                     0x080018e1   Thumb Code    26  stm32g0xx_hal_rcc.o(i.HAL_RCC_GetPCLK1Freq)
    HAL_RCC_GetSysClockFreq                  0x08001909   Thumb Code   130  stm32g0xx_hal_rcc.o(i.HAL_RCC_GetSysClockFreq)
    HAL_RCC_OscConfig                        0x08001995   Thumb Code   946  stm32g0xx_hal_rcc.o(i.HAL_RCC_OscConfig)
    HAL_SYSTICK_Config                       0x08001d6d   Thumb Code    38  stm32g0xx_hal_cortex.o(i.HAL_SYSTICK_Config)
    HAL_TIMEx_Break2Callback                 0x08001d9d   Thumb Code     2  stm32g0xx_hal_tim_ex.o(i.HAL_TIMEx_Break2Callback)
    HAL_TIMEx_BreakCallback                  0x08001d9f   Thumb Code     2  stm32g0xx_hal_tim_ex.o(i.HAL_TIMEx_BreakCallback)
    HAL_TIMEx_CommutCallback                 0x08001da1   Thumb Code     2  stm32g0xx_hal_tim_ex.o(i.HAL_TIMEx_CommutCallback)
    HAL_TIM_Base_Init                        0x08001da3   Thumb Code    76  stm32g0xx_hal_tim.o(i.HAL_TIM_Base_Init)
    HAL_TIM_Base_MspInit                     0x08001df1   Thumb Code    44  tim.o(i.HAL_TIM_Base_MspInit)
    HAL_TIM_Base_Start_IT                    0x08001e25   Thumb Code    68  stm32g0xx_hal_tim.o(i.HAL_TIM_Base_Start_IT)
    HAL_TIM_IC_CaptureCallback               0x08001e75   Thumb Code     2  stm32g0xx_hal_tim.o(i.HAL_TIM_IC_CaptureCallback)
    HAL_TIM_IRQHandler                       0x08001e79   Thumb Code   318  stm32g0xx_hal_tim.o(i.HAL_TIM_IRQHandler)
    HAL_TIM_OC_DelayElapsedCallback          0x08001fc1   Thumb Code     2  stm32g0xx_hal_tim.o(i.HAL_TIM_OC_DelayElapsedCallback)
    HAL_TIM_PWM_PulseFinishedCallback        0x08001fc3   Thumb Code     2  stm32g0xx_hal_tim.o(i.HAL_TIM_PWM_PulseFinishedCallback)
    HAL_TIM_PeriodElapsedCallback            0x08001fc5   Thumb Code    16  main.o(i.HAL_TIM_PeriodElapsedCallback)
    HAL_TIM_TriggerCallback                  0x08001fd9   Thumb Code     2  stm32g0xx_hal_tim.o(i.HAL_TIM_TriggerCallback)
    HAL_UARTEx_DisableFifoMode               0x08001fdb   Thumb Code    60  stm32g0xx_hal_uart_ex.o(i.HAL_UARTEx_DisableFifoMode)
    HAL_UARTEx_SetRxFifoThreshold            0x08002017   Thumb Code    72  stm32g0xx_hal_uart_ex.o(i.HAL_UARTEx_SetRxFifoThreshold)
    HAL_UARTEx_SetTxFifoThreshold            0x0800205f   Thumb Code    70  stm32g0xx_hal_uart_ex.o(i.HAL_UARTEx_SetTxFifoThreshold)
    HAL_UART_Init                            0x080020a5   Thumb Code   108  stm32g0xx_hal_uart.o(i.HAL_UART_Init)
    HAL_UART_MspInit                         0x08002111   Thumb Code   118  usart.o(i.HAL_UART_MspInit)
    HAL_UART_Receive                         0x08002191   Thumb Code   260  stm32g0xx_hal_uart.o(i.HAL_UART_Receive)
    HAL_UART_Transmit                        0x08002299   Thumb Code   214  stm32g0xx_hal_uart.o(i.HAL_UART_Transmit)
    HardFault_Handler                        0x0800236f   Thumb Code     2  stm32g0xx_it.o(i.HardFault_Handler)
    LCD_WriteData_16Bit                      0x08002521   Thumb Code    36  lcd.o(i.LCD_WriteData_16Bit)
    Lcd_Clear                                0x0800258d   Thumb Code    46  lcd.o(i.Lcd_Clear)
    Lcd_Init                                 0x080025bd   Thumb Code   158  lcd.o(i.Lcd_Init)
    Lcd_SetRegion                            0x08002661   Thumb Code    86  lcd.o(i.Lcd_SetRegion)
    Lcd_WriteData                            0x080026b9   Thumb Code    26  lcd.o(i.Lcd_WriteData)
    Lcd_WriteIndex                           0x080026d9   Thumb Code    26  lcd.o(i.Lcd_WriteIndex)
    MX_ADC1_Init                             0x080026f9   Thumb Code   102  adc.o(i.MX_ADC1_Init)
    MX_GPIO_Init                             0x0800276d   Thumb Code   124  gpio.o(i.MX_GPIO_Init)
    MX_TIM14_Init                            0x080027f1   Thumb Code    38  tim.o(i.MX_TIM14_Init)
    MX_USART1_UART_Init                      0x08002821   Thumb Code    96  usart.o(i.MX_USART1_UART_Init)
    NMI_Handler                              0x080028a5   Thumb Code     2  stm32g0xx_it.o(i.NMI_Handler)
    PendSV_Handler                           0x080028c1   Thumb Code     2  stm32g0xx_it.o(i.PendSV_Handler)
    SPI_WriteData                            0x08002a19   Thumb Code    38  lcd.o(i.SPI_WriteData)
    SVC_Handler                              0x08002a45   Thumb Code     2  stm32g0xx_it.o(i.SVC_Handler)
    SysTick_Handler                          0x08002a99   Thumb Code     8  stm32g0xx_it.o(i.SysTick_Handler)
    SystemClock_Config                       0x08002aa1   Thumb Code    90  main.o(i.SystemClock_Config)
    SystemInit                               0x08002afb   Thumb Code     2  system_stm32g0xx.o(i.SystemInit)
    TIM14_IRQHandler                         0x08002afd   Thumb Code    10  stm32g0xx_it.o(i.TIM14_IRQHandler)
    TIM_Base_SetConfig                       0x08002b0d   Thumb Code   112  stm32g0xx_hal_tim.o(i.TIM_Base_SetConfig)
    UART_AdvFeatureConfig                    0x08002bd5   Thumb Code   202  stm32g0xx_hal_uart.o(i.UART_AdvFeatureConfig)
    UART_CheckIdleState                      0x08002ca1   Thumb Code   180  stm32g0xx_hal_uart.o(i.UART_CheckIdleState)
    UART_SetConfig                           0x08002dbd   Thumb Code   326  stm32g0xx_hal_uart.o(i.UART_SetConfig)
    UART_WaitOnFlagUntilTimeout              0x08002f25   Thumb Code   144  stm32g0xx_hal_uart.o(i.UART_WaitOnFlagUntilTimeout)
    __ARM_common_switch8                     0x08002fb5   Thumb Code    26  main.o(i.__ARM_common_switch8)
    main                                     0x08003015   Thumb Code   446  main.o(i.main)
    Zk_ASCII8X16                             0x080031f8   Data        4097  lcd.o(.constdata)
    UARTPrescTable                           0x080041fa   Data          24  stm32g0xx_hal_uart.o(.constdata)
    AHBPrescTable                            0x08004224   Data          64  system_stm32g0xx.o(.constdata)
    APBPrescTable                            0x08004264   Data          32  system_stm32g0xx.o(.constdata)
    Region$$Table$$Base                      0x080042e4   Number         0  anon$$obj.o(Region$$Table)
    Region$$Table$$Limit                     0x08004304   Number         0  anon$$obj.o(Region$$Table)
    uwTickFreq                               0x20000030   Data           1  stm32g0xx_hal.o(.data)
    uwTickPrio                               0x20000034   Data           4  stm32g0xx_hal.o(.data)
    uwTick                                   0x20000038   Data           4  stm32g0xx_hal.o(.data)
    SystemCoreClock                          0x2000003c   Data           4  system_stm32g0xx.o(.data)
    hadc1                                    0x20000040   Data         100  adc.o(.bss)
    htim14                                   0x200000a4   Data          76  tim.o(.bss)
    huart1                                   0x200000f0   Data         148  usart.o(.bss)
    pFlash                                   0x20000184   Data          28  stm32g0xx_hal_flash.o(.bss)
    __libspace_start                         0x200001a0   Data          96  libspace.o(.bss)
    __temporary_stack_top$libspace           0x20000200   Data           0  libspace.o(.bss)



==============================================================================

Memory Map of the image

  Image Entry point : 0x080000c1

  Load Region LR_IROM1 (Base: 0x08000000, Size: 0x00004344, Max: 0x00010000, ABSOLUTE)

    Execution Region ER_IROM1 (Exec base: 0x08000000, Load base: 0x08000000, Size: 0x00004304, Max: 0x00010000, ABSOLUTE)

    Exec Addr    Load Addr    Size         Type   Attr      Idx    E Section Name        Object

    0x08000000   0x08000000   0x000000c0   Data   RO            3    RESET               startup_stm32g030xx.o
    0x080000c0   0x080000c0   0x00000008   Code   RO         3634  * !!!main             c_p.l(__main.o)
    0x080000c8   0x080000c8   0x0000003c   Code   RO         3818    !!!scatter          c_p.l(__scatter.o)
    0x08000104   0x08000104   0x0000001a   Code   RO         3820    !!handler_copy      c_p.l(__scatter_copy.o)
    0x0800011e   0x0800011e   0x00000002   PAD
    0x08000120   0x08000120   0x0000001c   Code   RO         3822    !!handler_zi        c_p.l(__scatter_zi.o)
    0x0800013c   0x0800013c   0x00000002   Code   RO         3617    .ARM.Collect$$_printf_percent$$00000000  c_p.l(_printf_percent.o)
    0x0800013e   0x0800013e   0x0000000a   Code   RO         3615    .ARM.Collect$$_printf_percent$$00000009  c_p.l(_printf_d.o)
    0x08000148   0x08000148   0x0000000a   Code   RO         3616    .ARM.Collect$$_printf_percent$$0000000A  c_p.l(_printf_u.o)
    0x08000152   0x08000152   0x0000000a   Code   RO         3614    .ARM.Collect$$_printf_percent$$00000014  c_p.l(_printf_s.o)
    0x0800015c   0x0800015c   0x00000004   Code   RO         3649    .ARM.Collect$$_printf_percent$$00000017  c_p.l(_printf_percent_end.o)
    0x08000160   0x08000160   0x00000002   Code   RO         3685    .ARM.Collect$$libinit$$00000000  c_p.l(libinit.o)
    0x08000162   0x08000162   0x00000000   Code   RO         3699    .ARM.Collect$$libinit$$00000002  c_p.l(libinit2.o)
    0x08000162   0x08000162   0x00000000   Code   RO         3701    .ARM.Collect$$libinit$$00000004  c_p.l(libinit2.o)
    0x08000162   0x08000162   0x00000000   Code   RO         3704    .ARM.Collect$$libinit$$0000000A  c_p.l(libinit2.o)
    0x08000162   0x08000162   0x00000000   Code   RO         3706    .ARM.Collect$$libinit$$0000000C  c_p.l(libinit2.o)
    0x08000162   0x08000162   0x00000000   Code   RO         3708    .ARM.Collect$$libinit$$0000000E  c_p.l(libinit2.o)
    0x08000162   0x08000162   0x00000000   Code   RO         3711    .ARM.Collect$$libinit$$00000011  c_p.l(libinit2.o)
    0x08000162   0x08000162   0x00000000   Code   RO         3713    .ARM.Collect$$libinit$$00000013  c_p.l(libinit2.o)
    0x08000162   0x08000162   0x00000000   Code   RO         3715    .ARM.Collect$$libinit$$00000015  c_p.l(libinit2.o)
    0x08000162   0x08000162   0x00000000   Code   RO         3717    .ARM.Collect$$libinit$$00000017  c_p.l(libinit2.o)
    0x08000162   0x08000162   0x00000000   Code   RO         3719    .ARM.Collect$$libinit$$00000019  c_p.l(libinit2.o)
    0x08000162   0x08000162   0x00000000   Code   RO         3721    .ARM.Collect$$libinit$$0000001B  c_p.l(libinit2.o)
    0x08000162   0x08000162   0x00000000   Code   RO         3723    .ARM.Collect$$libinit$$0000001D  c_p.l(libinit2.o)
    0x08000162   0x08000162   0x00000000   Code   RO         3725    .ARM.Collect$$libinit$$0000001F  c_p.l(libinit2.o)
    0x08000162   0x08000162   0x00000000   Code   RO         3727    .ARM.Collect$$libinit$$00000021  c_p.l(libinit2.o)
    0x08000162   0x08000162   0x00000000   Code   RO         3729    .ARM.Collect$$libinit$$00000023  c_p.l(libinit2.o)
    0x08000162   0x08000162   0x00000000   Code   RO         3731    .ARM.Collect$$libinit$$00000025  c_p.l(libinit2.o)
    0x08000162   0x08000162   0x00000000   Code   RO         3735    .ARM.Collect$$libinit$$0000002C  c_p.l(libinit2.o)
    0x08000162   0x08000162   0x00000000   Code   RO         3737    .ARM.Collect$$libinit$$0000002E  c_p.l(libinit2.o)
    0x08000162   0x08000162   0x00000000   Code   RO         3739    .ARM.Collect$$libinit$$00000030  c_p.l(libinit2.o)
    0x08000162   0x08000162   0x00000000   Code   RO         3741    .ARM.Collect$$libinit$$00000032  c_p.l(libinit2.o)
    0x08000162   0x08000162   0x00000002   Code   RO         3742    .ARM.Collect$$libinit$$00000033  c_p.l(libinit2.o)
    0x08000164   0x08000164   0x00000002   Code   RO         3773    .ARM.Collect$$libshutdown$$00000000  c_p.l(libshutdown.o)
    0x08000166   0x08000166   0x00000000   Code   RO         3799    .ARM.Collect$$libshutdown$$00000002  c_p.l(libshutdown2.o)
    0x08000166   0x08000166   0x00000000   Code   RO         3801    .ARM.Collect$$libshutdown$$00000004  c_p.l(libshutdown2.o)
    0x08000166   0x08000166   0x00000000   Code   RO         3803    .ARM.Collect$$libshutdown$$00000006  c_p.l(libshutdown2.o)
    0x08000166   0x08000166   0x00000000   Code   RO         3806    .ARM.Collect$$libshutdown$$00000009  c_p.l(libshutdown2.o)
    0x08000166   0x08000166   0x00000000   Code   RO         3809    .ARM.Collect$$libshutdown$$0000000C  c_p.l(libshutdown2.o)
    0x08000166   0x08000166   0x00000000   Code   RO         3811    .ARM.Collect$$libshutdown$$0000000E  c_p.l(libshutdown2.o)
    0x08000166   0x08000166   0x00000000   Code   RO         3814    .ARM.Collect$$libshutdown$$00000011  c_p.l(libshutdown2.o)
    0x08000166   0x08000166   0x00000002   Code   RO         3815    .ARM.Collect$$libshutdown$$00000012  c_p.l(libshutdown2.o)
    0x08000168   0x08000168   0x00000000   Code   RO         3636    .ARM.Collect$$rtentry$$00000000  c_p.l(__rtentry.o)
    0x08000168   0x08000168   0x00000000   Code   RO         3653    .ARM.Collect$$rtentry$$00000002  c_p.l(__rtentry2.o)
    0x08000168   0x08000168   0x00000006   Code   RO         3665    .ARM.Collect$$rtentry$$00000004  c_p.l(__rtentry4.o)
    0x0800016e   0x0800016e   0x00000000   Code   RO         3655    .ARM.Collect$$rtentry$$00000009  c_p.l(__rtentry2.o)
    0x0800016e   0x0800016e   0x00000004   Code   RO         3656    .ARM.Collect$$rtentry$$0000000A  c_p.l(__rtentry2.o)
    0x08000172   0x08000172   0x00000000   Code   RO         3658    .ARM.Collect$$rtentry$$0000000C  c_p.l(__rtentry2.o)
    0x08000172   0x08000172   0x00000008   Code   RO         3659    .ARM.Collect$$rtentry$$0000000D  c_p.l(__rtentry2.o)
    0x0800017a   0x0800017a   0x00000002   Code   RO         3690    .ARM.Collect$$rtexit$$00000000  c_p.l(rtexit.o)
    0x0800017c   0x0800017c   0x00000000   Code   RO         3746    .ARM.Collect$$rtexit$$00000002  c_p.l(rtexit2.o)
    0x0800017c   0x0800017c   0x00000004   Code   RO         3747    .ARM.Collect$$rtexit$$00000003  c_p.l(rtexit2.o)
    0x08000180   0x08000180   0x00000006   Code   RO         3748    .ARM.Collect$$rtexit$$00000004  c_p.l(rtexit2.o)
    0x08000186   0x08000186   0x00000002   PAD
    0x08000188   0x08000188   0x00000038   Code   RO         3620    .emb_text           c_p.l(rt_memcpy.o)
    0x080001c0   0x080001c0   0x00000038   Code   RO            4    .text               startup_stm32g030xx.o
    0x080001f8   0x080001f8   0x00000028   Code   RO         3586    .text               c_p.l(noretval__2sprintf.o)
    0x08000220   0x08000220   0x00000052   Code   RO         3590    .text               c_p.l(_printf_str.o)
    0x08000272   0x08000272   0x00000002   PAD
    0x08000274   0x08000274   0x0000006c   Code   RO         3592    .text               c_p.l(_printf_dec.o)
    0x080002e0   0x080002e0   0x000000be   Code   RO         3597    .text               c_p.l(__printf_ss.o)
    0x0800039e   0x0800039e   0x00000002   PAD
    0x080003a0   0x080003a0   0x00000044   Code   RO         3618    .text               c_p.l(strlen.o)
    0x080003e4   0x080003e4   0x00000012   Code   RO         3624    .text               c_p.l(aeabi_memset.o)
    0x080003f6   0x080003f6   0x00000040   Code   RO         3626    .text               c_p.l(rt_memclr.o)
    0x08000436   0x08000436   0x0000015a   Code   RO         3628    .text               c_p.l(aeabi_sdiv.o)
    0x08000590   0x08000590   0x00000006   Code   RO         3632    .text               c_p.l(heapauxi.o)
    0x08000596   0x08000596   0x000000b0   Code   RO         3641    .text               c_p.l(_printf_intcommon.o)
    0x08000646   0x08000646   0x00000002   PAD
    0x08000648   0x08000648   0x00000030   Code   RO         3643    .text               c_p.l(_printf_char_common.o)
    0x08000678   0x08000678   0x0000000a   Code   RO         3645    .text               c_p.l(_sputc.o)
    0x08000682   0x08000682   0x0000002e   Code   RO         3647    .text               c_p.l(_printf_char.o)
    0x080006b0   0x080006b0   0x00000028   Code   RO         3650    .text               c_p.l(rtudiv10.o)
    0x080006d8   0x080006d8   0x0000003e   Code   RO         3671    .text               c_p.l(sys_stackheap_outer.o)
    0x08000716   0x08000716   0x00000010   Code   RO         3674    .text               c_p.l(exit.o)
    0x08000726   0x08000726   0x00000002   PAD
    0x08000728   0x08000728   0x00000008   Code   RO         3686    .text               c_p.l(libspace.o)
    0x08000730   0x08000730   0x0000000c   Code   RO         3743    .text               c_p.l(sys_exit.o)
    0x0800073c   0x0800073c   0x00000002   Code   RO         3762    .text               c_p.l(use_no_semi.o)
    0x0800073e   0x0800073e   0x00000000   Code   RO         3764    .text               c_p.l(indicate_semi.o)
    0x0800073e   0x0800073e   0x00000002   PAD
    0x08000740   0x08000740   0x00000060   Code   RO          582    i.ADC_ConversionStop  stm32g0xx_hal_adc.o
    0x080007a0   0x080007a0   0x00000074   Code   RO          586    i.ADC_Disable       stm32g0xx_hal_adc.o
    0x08000814   0x08000814   0x000000b4   Code   RO          587    i.ADC_Enable        stm32g0xx_hal_adc.o
    0x080008c8   0x080008c8   0x0000001c   Code   RO          245    i.Config_Calc_Checksum  main.o
    0x080008e4   0x080008e4   0x00000044   Code   RO          246    i.Config_Is_Valid   main.o
    0x08000928   0x08000928   0x0000001c   Code   RO          247    i.Config_Reset_Defaults  main.o
    0x08000944   0x08000944   0x000000d8   Code   RO          248    i.Config_Save       main.o
    0x08000a1c   0x08000a1c   0x00000004   Code   RO          249    i.Error_Handler     main.o
    0x08000a20   0x08000a20   0x00000014   Code   RO         1133    i.FLASH_MassErase   stm32g0xx_hal_flash_ex.o
    0x08000a34   0x08000a34   0x00000020   Code   RO         1137    i.FLASH_PageErase   stm32g0xx_hal_flash_ex.o
    0x08000a54   0x08000a54   0x0000001c   Code   RO         1027    i.FLASH_Program_DoubleWord  stm32g0xx_hal_flash.o
    0x08000a70   0x08000a70   0x00000034   Code   RO         1028    i.FLASH_Program_Fast  stm32g0xx_hal_flash.o
    0x08000aa4   0x08000aa4   0x00000068   Code   RO         1029    i.FLASH_WaitForLastOperation  stm32g0xx_hal_flash.o
    0x08000b0c   0x08000b0c   0x00000094   Code   RO          250    i.Get_Key_By_UART   main.o
    0x08000ba0   0x08000ba0   0x00000088   Code   RO           14    i.Gui_DrawFont_GBK16  lcd.o
    0x08000c28   0x08000c28   0x00000018   Code   RO           15    i.Gui_DrawPoint     lcd.o
    0x08000c40   0x08000c40   0x00000224   Code   RO          589    i.HAL_ADC_ConfigChannel  stm32g0xx_hal_adc.o
    0x08000e64   0x08000e64   0x00000006   Code   RO          596    i.HAL_ADC_GetValue  stm32g0xx_hal_adc.o
    0x08000e6a   0x08000e6a   0x00000002   PAD
    0x08000e6c   0x08000e6c   0x00000220   Code   RO          598    i.HAL_ADC_Init      stm32g0xx_hal_adc.o
    0x0800108c   0x0800108c   0x0000005c   Code   RO          395    i.HAL_ADC_MspInit   adc.o
    0x080010e8   0x080010e8   0x000000c4   Code   RO          602    i.HAL_ADC_PollForConversion  stm32g0xx_hal_adc.o
    0x080011ac   0x080011ac   0x00000068   Code   RO          604    i.HAL_ADC_Start     stm32g0xx_hal_adc.o
    0x08001214   0x08001214   0x0000003e   Code   RO          607    i.HAL_ADC_Stop      stm32g0xx_hal_adc.o
    0x08001252   0x08001252   0x00000002   PAD
    0x08001254   0x08001254   0x00000024   Code   RO         1752    i.HAL_Delay         stm32g0xx_hal.o
    0x08001278   0x08001278   0x00000088   Code   RO         1138    i.HAL_FLASHEx_Erase  stm32g0xx_hal_flash_ex.o
    0x08001300   0x08001300   0x00000028   Code   RO         1033    i.HAL_FLASH_Lock    stm32g0xx_hal_flash.o
    0x08001328   0x08001328   0x00000060   Code   RO         1038    i.HAL_FLASH_Program  stm32g0xx_hal_flash.o
    0x08001388   0x08001388   0x00000028   Code   RO         1040    i.HAL_FLASH_Unlock  stm32g0xx_hal_flash.o
    0x080013b0   0x080013b0   0x0000015c   Code   RO         1218    i.HAL_GPIO_Init     stm32g0xx_hal_gpio.o
    0x0800150c   0x0800150c   0x0000000c   Code   RO         1222    i.HAL_GPIO_WritePin  stm32g0xx_hal_gpio.o
    0x08001518   0x08001518   0x0000000c   Code   RO         1756    i.HAL_GetTick       stm32g0xx_hal.o
    0x08001524   0x08001524   0x00000010   Code   RO         1762    i.HAL_IncTick       stm32g0xx_hal.o
    0x08001534   0x08001534   0x00000028   Code   RO         1763    i.HAL_Init          stm32g0xx_hal.o
    0x0800155c   0x0800155c   0x00000048   Code   RO         1764    i.HAL_InitTick      stm32g0xx_hal.o
    0x080015a4   0x080015a4   0x0000002c   Code   RO          562    i.HAL_MspInit       stm32g0xx_hal_msp.o
    0x080015d0   0x080015d0   0x00000018   Code   RO         1630    i.HAL_NVIC_EnableIRQ  stm32g0xx_hal_cortex.o
    0x080015e8   0x080015e8   0x00000008   Code   RO         1634    i.HAL_NVIC_SetPriority  stm32g0xx_hal_cortex.o
    0x080015f0   0x080015f0   0x0000004c   Code   RO         1513    i.HAL_PWREx_ControlVoltageScaling  stm32g0xx_hal_pwr_ex.o
    0x0800163c   0x0800163c   0x0000014c   Code   RO          984    i.HAL_RCCEx_PeriphCLKConfig  stm32g0xx_hal_rcc_ex.o
    0x08001788   0x08001788   0x00000158   Code   RO          868    i.HAL_RCC_ClockConfig  stm32g0xx_hal_rcc.o
    0x080018e0   0x080018e0   0x00000028   Code   RO          876    i.HAL_RCC_GetPCLK1Freq  stm32g0xx_hal_rcc.o
    0x08001908   0x08001908   0x0000008c   Code   RO          878    i.HAL_RCC_GetSysClockFreq  stm32g0xx_hal_rcc.o
    0x08001994   0x08001994   0x000003d8   Code   RO          882    i.HAL_RCC_OscConfig  stm32g0xx_hal_rcc.o
    0x08001d6c   0x08001d6c   0x00000030   Code   RO         1638    i.HAL_SYSTICK_Config  stm32g0xx_hal_cortex.o
    0x08001d9c   0x08001d9c   0x00000002   Code   RO         2721    i.HAL_TIMEx_Break2Callback  stm32g0xx_hal_tim_ex.o
    0x08001d9e   0x08001d9e   0x00000002   Code   RO         2722    i.HAL_TIMEx_BreakCallback  stm32g0xx_hal_tim_ex.o
    0x08001da0   0x08001da0   0x00000002   Code   RO         2723    i.HAL_TIMEx_CommutCallback  stm32g0xx_hal_tim_ex.o
    0x08001da2   0x08001da2   0x0000004c   Code   RO         2011    i.HAL_TIM_Base_Init  stm32g0xx_hal_tim.o
    0x08001dee   0x08001dee   0x00000002   PAD
    0x08001df0   0x08001df0   0x00000034   Code   RO          433    i.HAL_TIM_Base_MspInit  tim.o
    0x08001e24   0x08001e24   0x00000050   Code   RO         2016    i.HAL_TIM_Base_Start_IT  stm32g0xx_hal_tim.o
    0x08001e74   0x08001e74   0x00000002   Code   RO         2045    i.HAL_TIM_IC_CaptureCallback  stm32g0xx_hal_tim.o
    0x08001e76   0x08001e76   0x00000002   PAD
    0x08001e78   0x08001e78   0x00000148   Code   RO         2059    i.HAL_TIM_IRQHandler  stm32g0xx_hal_tim.o
    0x08001fc0   0x08001fc0   0x00000002   Code   RO         2062    i.HAL_TIM_OC_DelayElapsedCallback  stm32g0xx_hal_tim.o
    0x08001fc2   0x08001fc2   0x00000002   Code   RO         2089    i.HAL_TIM_PWM_PulseFinishedCallback  stm32g0xx_hal_tim.o
    0x08001fc4   0x08001fc4   0x00000014   Code   RO          251    i.HAL_TIM_PeriodElapsedCallback  main.o
    0x08001fd8   0x08001fd8   0x00000002   Code   RO         2102    i.HAL_TIM_TriggerCallback  stm32g0xx_hal_tim.o
    0x08001fda   0x08001fda   0x0000003c   Code   RO         3436    i.HAL_UARTEx_DisableFifoMode  stm32g0xx_hal_uart_ex.o
    0x08002016   0x08002016   0x00000048   Code   RO         3445    i.HAL_UARTEx_SetRxFifoThreshold  stm32g0xx_hal_uart_ex.o
    0x0800205e   0x0800205e   0x00000046   Code   RO         3446    i.HAL_UARTEx_SetTxFifoThreshold  stm32g0xx_hal_uart_ex.o
    0x080020a4   0x080020a4   0x0000006c   Code   RO         3049    i.HAL_UART_Init     stm32g0xx_hal_uart.o
    0x08002110   0x08002110   0x00000080   Code   RO          471    i.HAL_UART_MspInit  usart.o
    0x08002190   0x08002190   0x00000108   Code   RO         3052    i.HAL_UART_Receive  stm32g0xx_hal_uart.o
    0x08002298   0x08002298   0x000000d6   Code   RO         3058    i.HAL_UART_Transmit  stm32g0xx_hal_uart.o
    0x0800236e   0x0800236e   0x00000002   Code   RO          508    i.HardFault_Handler  stm32g0xx_it.o
    0x08002370   0x08002370   0x0000007c   Code   RO          252    i.Key_To_String     main.o
    0x080023ec   0x080023ec   0x00000044   Code   RO          253    i.LCD_Draw_TextLine  main.o
    0x08002430   0x08002430   0x00000018   Code   RO          254    i.LCD_Set_Message   main.o
    0x08002448   0x08002448   0x000000d8   Code   RO          255    i.LCD_Show_Status   main.o
    0x08002520   0x08002520   0x00000028   Code   RO           16    i.LCD_WriteData_16Bit  lcd.o
    0x08002548   0x08002548   0x00000008   Code   RO          610    i.LL_ADC_IsEnabled  stm32g0xx_hal_adc.o
    0x08002550   0x08002550   0x00000008   Code   RO          611    i.LL_ADC_REG_IsConversionOngoing  stm32g0xx_hal_adc.o
    0x08002558   0x08002558   0x00000010   Code   RO          612    i.LL_ADC_REG_IsTriggerSourceSWStart  stm32g0xx_hal_adc.o
    0x08002568   0x08002568   0x0000000e   Code   RO          614    i.LL_ADC_SetCommonPathInternalCh  stm32g0xx_hal_adc.o
    0x08002576   0x08002576   0x00000016   Code   RO          615    i.LL_ADC_SetSamplingTimeCommonChannels  stm32g0xx_hal_adc.o
    0x0800258c   0x0800258c   0x0000002e   Code   RO           17    i.Lcd_Clear         lcd.o
    0x080025ba   0x080025ba   0x00000002   PAD
    0x080025bc   0x080025bc   0x000000a4   Code   RO           18    i.Lcd_Init          lcd.o
    0x08002660   0x08002660   0x00000056   Code   RO           19    i.Lcd_SetRegion     lcd.o
    0x080026b6   0x080026b6   0x00000002   PAD
    0x080026b8   0x080026b8   0x00000020   Code   RO           21    i.Lcd_WriteData     lcd.o
    0x080026d8   0x080026d8   0x00000020   Code   RO           22    i.Lcd_WriteIndex    lcd.o
    0x080026f8   0x080026f8   0x00000074   Code   RO          396    i.MX_ADC1_Init      adc.o
    0x0800276c   0x0800276c   0x00000084   Code   RO          374    i.MX_GPIO_Init      gpio.o
    0x080027f0   0x080027f0   0x00000030   Code   RO          434    i.MX_TIM14_Init     tim.o
    0x08002820   0x08002820   0x00000068   Code   RO          472    i.MX_USART1_UART_Init  usart.o
    0x08002888   0x08002888   0x0000001c   Code   RO          256    i.Mode_To_String    main.o
    0x080028a4   0x080028a4   0x00000002   Code   RO          509    i.NMI_Handler       stm32g0xx_it.o
    0x080028a6   0x080028a6   0x00000002   PAD
    0x080028a8   0x080028a8   0x00000018   Code   RO          257    i.Output_Mode_To_String  main.o
    0x080028c0   0x080028c0   0x00000002   Code   RO          510    i.PendSV_Handler    stm32g0xx_it.o
    0x080028c2   0x080028c2   0x00000002   PAD
    0x080028c4   0x080028c4   0x00000110   Code   RO          258    i.Process_Key       main.o
    0x080029d4   0x080029d4   0x00000044   Code   RO          259    i.Read_ADC_Channel  main.o
    0x08002a18   0x08002a18   0x0000002c   Code   RO           24    i.SPI_WriteData     lcd.o
    0x08002a44   0x08002a44   0x00000002   Code   RO          511    i.SVC_Handler       stm32g0xx_it.o
    0x08002a46   0x08002a46   0x00000002   PAD
    0x08002a48   0x08002a48   0x00000050   Code   RO          260    i.Soft_PWM_Update   main.o
    0x08002a98   0x08002a98   0x00000008   Code   RO          512    i.SysTick_Handler   stm32g0xx_it.o
    0x08002aa0   0x08002aa0   0x0000005a   Code   RO          261    i.SystemClock_Config  main.o
    0x08002afa   0x08002afa   0x00000002   Code   RO         3551    i.SystemInit        system_stm32g0xx.o
    0x08002afc   0x08002afc   0x00000010   Code   RO          513    i.TIM14_IRQHandler  stm32g0xx_it.o
    0x08002b0c   0x08002b0c   0x00000084   Code   RO         2104    i.TIM_Base_SetConfig  stm32g0xx_hal_tim.o
    0x08002b90   0x08002b90   0x00000044   Code   RO         3450    i.UARTEx_SetNbDataToProcess  stm32g0xx_hal_uart_ex.o
    0x08002bd4   0x08002bd4   0x000000ca   Code   RO         3063    i.UART_AdvFeatureConfig  stm32g0xx_hal_uart.o
    0x08002c9e   0x08002c9e   0x00000002   PAD
    0x08002ca0   0x08002ca0   0x000000b8   Code   RO         3064    i.UART_CheckIdleState  stm32g0xx_hal_uart.o
    0x08002d58   0x08002d58   0x00000064   Code   RO         3075    i.UART_EndRxTransfer  stm32g0xx_hal_uart.o
    0x08002dbc   0x08002dbc   0x00000168   Code   RO         3081    i.UART_SetConfig    stm32g0xx_hal_uart.o
    0x08002f24   0x08002f24   0x00000090   Code   RO         3088    i.UART_WaitOnFlagUntilTimeout  stm32g0xx_hal_uart.o
    0x08002fb4   0x08002fb4   0x0000001a   Code   RO          350    i.__ARM_common_switch8  main.o
    0x08002fce   0x08002fce   0x00000002   PAD
    0x08002fd0   0x08002fd0   0x00000044   Code   RO         1640    i.__NVIC_SetPriority  stm32g0xx_hal_cortex.o
    0x08003014   0x08003014   0x000001e4   Code   RO          262    i.main              main.o
    0x080031f8   0x080031f8   0x00001001   Data   RO           28    .constdata          lcd.o
    0x080041f9   0x080041f9   0x00000001   PAD
    0x080041fa   0x080041fa   0x00000018   Data   RO         3089    .constdata          stm32g0xx_hal_uart.o
    0x08004212   0x08004212   0x00000010   Data   RO         3451    .constdata          stm32g0xx_hal_uart_ex.o
    0x08004222   0x08004222   0x00000002   PAD
    0x08004224   0x08004224   0x00000040   Data   RO         3552    .constdata          system_stm32g0xx.o
    0x08004264   0x08004264   0x00000020   Data   RO         3553    .constdata          system_stm32g0xx.o
    0x08004284   0x08004284   0x0000005d   Data   RO          263    .conststring        main.o
    0x080042e1   0x080042e1   0x00000003   PAD
    0x080042e4   0x080042e4   0x00000020   Data   RO         3816    Region$$Table       anon$$obj.o


    Execution Region RW_IRAM1 (Exec base: 0x20000000, Load base: 0x08004304, Size: 0x00000800, Max: 0x00002000, ABSOLUTE)

    Exec Addr    Load Addr    Size         Type   Attr      Idx    E Section Name        Object

    0x20000000   0x08004304   0x00000030   Data   RW          264    .data               main.o
    0x20000030   0x08004334   0x0000000c   Data   RW         1776    .data               stm32g0xx_hal.o
    0x2000003c   0x08004340   0x00000004   Data   RW         3554    .data               system_stm32g0xx.o
    0x20000040        -       0x00000064   Zero   RW          397    .bss                adc.o
    0x200000a4        -       0x0000004c   Zero   RW          435    .bss                tim.o
    0x200000f0        -       0x00000094   Zero   RW          473    .bss                usart.o
    0x20000184        -       0x0000001c   Zero   RW         1041    .bss                stm32g0xx_hal_flash.o
    0x200001a0        -       0x00000060   Zero   RW         3687    .bss                c_p.l(libspace.o)
    0x20000200        -       0x00000200   Zero   RW            2    HEAP                startup_stm32g030xx.o
    0x20000400        -       0x00000400   Zero   RW            1    STACK               startup_stm32g030xx.o


==============================================================================

Image component sizes


      Code (inc. data)   RO Data    RW Data    ZI Data      Debug   Object Name

       208         22          0          0        100       1601   adc.o
       132          8          0          0          0        875   gpio.o
       604         32       4097          0          0     424468   lcd.o
      2016        364         93         48          0      13204   main.o
        56         26        192          0       1536        616   startup_stm32g030xx.o
       176         26          0         12          0      15889   stm32g0xx_hal.o
      1920         94          0          0          0      43737   stm32g0xx_hal_adc.o
       148         24          0          0          0      12005   stm32g0xx_hal_cortex.o
       360         56          0          0         28      16702   stm32g0xx_hal_flash.o
       188         26          0          0          0       2742   stm32g0xx_hal_flash_ex.o
       360         18          0          0          0       1904   stm32g0xx_hal_gpio.o
        44          6          0          0          0        790   stm32g0xx_hal_msp.o
        76         14          0          0          0        722   stm32g0xx_hal_pwr_ex.o
      1508         88          0          0          0      20201   stm32g0xx_hal_rcc.o
       332         12          0          0          0       1596   stm32g0xx_hal_rcc_ex.o
       624         42          0          0          0       6109   stm32g0xx_hal_tim.o
         6          0          0          0          0       2052   stm32g0xx_hal_tim_ex.o
      1576         46         24          0          0      28201   stm32g0xx_hal_uart.o
       270          6         16          0          0       3489   stm32g0xx_hal_uart_ex.o
        32          6          0          0          0       2462   stm32g0xx_it.o
         2          0         96          4          0       1051   system_stm32g0xx.o
       100         18          0          0         76       1412   tim.o
       232         18          0          0        148       1642   usart.o

    ----------------------------------------------------------------------
     10992        952       4556         64       1888     603470   Object Totals
         0          0         32          0          0          0   (incl. Generated)
        22          0          6          0          0          0   (incl. Padding)

    ----------------------------------------------------------------------

      Code (inc. data)   RO Data    RW Data    ZI Data      Debug   Library Member Name

         8          0          0          0          0         68   __main.o
       190          0          0          0          0         76   __printf_ss.o
         0          0          0          0          0          0   __rtentry.o
        12          0          0          0          0          0   __rtentry2.o
         6          0          0          0          0          0   __rtentry4.o
        60          8          0          0          0          0   __scatter.o
        26          0          0          0          0          0   __scatter_copy.o
        28          0          0          0          0          0   __scatter_zi.o
        46          0          0          0          0        100   _printf_char.o
        48          6          0          0          0         88   _printf_char_common.o
        10          0          0          0          0          0   _printf_d.o
       108         18          0          0          0         76   _printf_dec.o
       176          0          0          0          0         84   _printf_intcommon.o
         2          0          0          0          0          0   _printf_percent.o
         4          0          0          0          0          0   _printf_percent_end.o
        10          0          0          0          0          0   _printf_s.o
        82          0          0          0          0         72   _printf_str.o
        10          0          0          0          0          0   _printf_u.o
        10          0          0          0          0         60   _sputc.o
        18          0          0          0          0         68   aeabi_memset.o
       346          0          0          0          0         92   aeabi_sdiv.o
        16          0          0          0          0         68   exit.o
         6          0          0          0          0        136   heapauxi.o
         0          0          0          0          0          0   indicate_semi.o
         2          0          0          0          0          0   libinit.o
         2          0          0          0          0          0   libinit2.o
         2          0          0          0          0          0   libshutdown.o
         2          0          0          0          0          0   libshutdown2.o
         8          4          0          0         96         68   libspace.o
        40          4          0          0          0         84   noretval__2sprintf.o
        64          0          0          0          0        108   rt_memclr.o
        56          0          0          0          0         68   rt_memcpy.o
         2          0          0          0          0          0   rtexit.o
        10          0          0          0          0          0   rtexit2.o
        40          0          0          0          0         60   rtudiv10.o
        68          6          0          0          0         72   strlen.o
        12          4          0          0          0         60   sys_exit.o
        62          0          0          0          0         80   sys_stackheap_outer.o
         2          0          0          0          0         68   use_no_semi.o

    ----------------------------------------------------------------------
      1608         50          0          0         96       1656   Library Totals
        14          0          0          0          0          0   (incl. Padding)

    ----------------------------------------------------------------------

      Code (inc. data)   RO Data    RW Data    ZI Data      Debug   Library Name

      1594         50          0          0         96       1656   c_p.l

    ----------------------------------------------------------------------
      1608         50          0          0         96       1656   Library Totals

    ----------------------------------------------------------------------

==============================================================================


      Code (inc. data)   RO Data    RW Data    ZI Data      Debug   

     12600       1002       4556         64       1984     599914   Grand Totals
     12600       1002       4556         64       1984     599914   ELF Image Totals
     12600       1002       4556         64          0          0   ROM Totals

==============================================================================

    Total RO  Size (Code + RO Data)                17156 (  16.75kB)
    Total RW  Size (RW Data + ZI Data)              2048 (   2.00kB)
    Total ROM Size (Code + RO Data + RW Data)      17220 (  16.82kB)

==============================================================================

